e:\software\compiler\st\stm32cubeide\software\stm32cubeide_1.9.0\stm32cubeide\plugins\com.st.stm32cube.ide.mcu.externaltools.gnu-tools-for-stm32.10.3-2021.10.win32_1.0.0.202111181127\tools\bin\../lib/gcc/arm-none-eabi/10.3.1/../../../../arm-none-eabi/include/c++/10.3.1/arm-none-eabi/thumb/v7e-m+fp/hard/bits/gthr-default.h:229:1:int __gthread_key_delete(__gthread_key_t)	16	static
E:/Study/stm32/f429/repository/wifi/wifi-gps-imu-3/ESP8266/Bsp/usart/usart.hpp:23:13:Usart::~Usart()	16	static
E:/Study/stm32/f429/repository/wifi/wifi-gps-imu-3/ESP8266/Bsp/usart/usart.hpp:23:13:virtual Usart::~Usart()	16	static
E:/Study/stm32/f429/repository/wifi/wifi-gps-imu-3/ESP8266/Bsp/usart/usart.hpp:27:18:virtual void Usart::init()	16	static
../Bsp/usart/usart.cpp:3:6:virtual void Usart::init(UART_HandleTypeDef*)	16	static
../Bsp/usart/usart.cpp:8:6:virtual void Usart::deinit()	16	static
../Bsp/usart/usart.cpp:13:8:int8_t Usart::send(uint8_t)	16	static
../Bsp/usart/usart.cpp:18:8:int8_t Usart::send(const uint8_t*)	16	static
../Bsp/usart/usart.cpp:23:8:int8_t Usart::send(const uint8_t*, uint16_t)	24	static
../Bsp/usart/usart.cpp:34:8:int8_t Usart::send(const string&)	24	static
../Bsp/usart/usart.cpp:39:8:int8_t Usart::send(const string&, uint16_t)	24	static
../Bsp/usart/usart.cpp:44:6:)	308	static
../Bsp/usart/usart.cpp:54:6:void Usart::print(int)	16	static
../Bsp/usart/usart.cpp:60:6:void Usart::print(double, int)	48	static
../Bsp/usart/usart.cpp:68:6:void print(const char*)	16	static
../Bsp/usart/usart.cpp:74:9:virtual int32_t Usart::recv(uint8_t*, uint32_t)	24	static
../Bsp/usart/usart.cpp:83:9:virtual int32_t Usart::recv(std::string&, uint32_t)	32	static
