../Bsp/usart/bds/nmea_decode/src/generator.c:23:8:nmea_random	40	static
../Bsp/usart/bds/nmea_decode/src/generator.c:35:5:nmea_gen_init	32	static
../Bsp/usart/bds/nmea_decode/src/generator.c:56:5:nmea_gen_loop	24	static
../Bsp/usart/bds/nmea_decode/src/generator.c:69:5:nmea_gen_reset	24	static
../Bsp/usart/bds/nmea_decode/src/generator.c:79:6:nmea_gen_destroy	16	static
../Bsp/usart/bds/nmea_decode/src/generator.c:93:6:nmea_gen_add	16	static
../Bsp/usart/bds/nmea_decode/src/generator.c:101:5:nmea_generate_from	32	static
../Bsp/usart/bds/nmea_decode/src/generator.c:120:5:nmea_igen_noise_init	16	static
../Bsp/usart/bds/nmea_decode/src/generator.c:125:5:nmea_igen_noise_loop	24	static
../Bsp/usart/bds/nmea_decode/src/generator.c:162:5:nmea_igen_noise_reset	16	static
../Bsp/usart/bds/nmea_decode/src/generator.c:171:5:nmea_igen_static_loop	16	static
../Bsp/usart/bds/nmea_decode/src/generator.c:177:5:nmea_igen_static_reset	16	static
../Bsp/usart/bds/nmea_decode/src/generator.c:209:5:nmea_igen_static_init	16	static
../Bsp/usart/bds/nmea_decode/src/generator.c:223:5:nmea_igen_rotate_loop	48	static
../Bsp/usart/bds/nmea_decode/src/generator.c:242:5:nmea_igen_rotate_reset	40	static
../Bsp/usart/bds/nmea_decode/src/generator.c:264:5:nmea_igen_rotate_init	16	static
../Bsp/usart/bds/nmea_decode/src/generator.c:278:5:nmea_igen_pos_rmove_init	16	static
../Bsp/usart/bds/nmea_decode/src/generator.c:287:5:nmea_igen_pos_rmove_loop	40	static
../Bsp/usart/bds/nmea_decode/src/generator.c:313:5:nmea_igen_pos_rmove_destroy	16	static
../Bsp/usart/bds/nmea_decode/src/generator.c:322:17:__nmea_create_generator	24	static
../Bsp/usart/bds/nmea_decode/src/generator.c:382:17:nmea_create_generator	24	static
../Bsp/usart/bds/nmea_decode/src/generator.c:392:6:nmea_destroy_generator	16	static
