../Bsp/usart/bds/nmea_decode/src/parse.c:66:5:_nmea_parse_time	48	static
../Bsp/usart/bds/nmea_decode/src/parse.c:100:5:nmea_pack_type	16	static
../Bsp/usart/bds/nmea_decode/src/parse.c:164:5:nmea_find_tail	40	static
../Bsp/usart/bds/nmea_decode/src/parse.c:215:5:nmea_parse_GPGGA	384	static
../Bsp/usart/bds/nmea_decode/src/parse.c:252:5:nmea_parse_GPGSA	144	static
../Bsp/usart/bds/nmea_decode/src/parse.c:281:5:nmea_parse_GPGSV	168	static
../Bsp/usart/bds/nmea_decode/src/parse.c:323:5:nmea_parse_GPRMC	392	static
../Bsp/usart/bds/nmea_decode/src/parse.c:368:5:nmea_parse_GPVTG	72	static
../Bsp/usart/bds/nmea_decode/src/parse.c:407:5:nmea_parse_GNGGA	384	static
../Bsp/usart/bds/nmea_decode/src/parse.c:444:5:nmea_parse_GNRMC	392	static
../Bsp/usart/bds/nmea_decode/src/parse.c:490:5:nmea_parse_GNVTG	80	static
../Bsp/usart/bds/nmea_decode/src/parse.c:528:5:nmea_parse_GNZDA	328	static
../Bsp/usart/bds/nmea_decode/src/parse.c:570:5:nmea_parse_GNGLL	328	static
../Bsp/usart/bds/nmea_decode/src/parse.c:610:5:nmea_parse_BDGSV	168	static
../Bsp/usart/bds/nmea_decode/src/parse.c:654:5:nmea_parse_GPTXT	48	static
../Bsp/usart/bds/nmea_decode/src/parse.c:684:6:nmea_GPGGA2info	24	static
../Bsp/usart/bds/nmea_decode/src/parse.c:705:6:nmea_GPGSA2info	32	static
../Bsp/usart/bds/nmea_decode/src/parse.c:739:5:nmea_parse_BDGSA	144	static
../Bsp/usart/bds/nmea_decode/src/parse.c:766:6:nmea_GPGSV2info	32	static
../Bsp/usart/bds/nmea_decode/src/parse.c:801:6:nmea_GPRMC2info	40	static
../Bsp/usart/bds/nmea_decode/src/parse.c:831:6:nmea_GPVTG2info	16	static
../Bsp/usart/bds/nmea_decode/src/parse.c:846:6:nmea_GNGGA2info	24	static
../Bsp/usart/bds/nmea_decode/src/parse.c:869:6:nmea_GNRMC2info	40	static
../Bsp/usart/bds/nmea_decode/src/parse.c:901:6:nmea_GNVTG2info	16	static
../Bsp/usart/bds/nmea_decode/src/parse.c:919:6:nmea_GNZDA2info	24	static
../Bsp/usart/bds/nmea_decode/src/parse.c:932:6:nmea_GNGLL2info	24	static
../Bsp/usart/bds/nmea_decode/src/parse.c:966:6:nmea_BDGSV2info	32	static
../Bsp/usart/bds/nmea_decode/src/parse.c:1002:6:nmea_BDGSA2info	32	static
../Bsp/usart/bds/nmea_decode/src/parse.c:1036:6:nmea_GPTXT2info	16	static
