e:\software\compiler\st\stm32cubeide\software\stm32cubeide_1.9.0\stm32cubeide\plugins\com.st.stm32cube.ide.mcu.externaltools.gnu-tools-for-stm32.10.3-2021.10.win32_1.0.0.202111181127\tools\bin\../lib/gcc/arm-none-eabi/10.3.1/../../../../arm-none-eabi/include/c++/10.3.1/arm-none-eabi/thumb/v7e-m+fp/hard/bits/gthr-default.h:229:1:int __gthread_key_delete(__gthread_key_t)	16	static
E:/Study/stm32/f429/repository/wifi/wifi-gps-imu-3/ESP8266/Bsp/usart/usart.hpp:23:13:Usart::~Usart()	16	static
E:/Study/stm32/f429/repository/wifi/wifi-gps-imu-3/ESP8266/Bsp/usart/usart.hpp:23:13:virtual Usart::~Usart()	16	static
../Bsp/usart/wifi/wifi_usart.hpp:136:5:WifiUsart::~WifiUsart()	16	static
../Bsp/usart/wifi/wifi_usart.hpp:136:5:virtual WifiUsart::~WifiUsart()	16	static
../Bsp/usart/wifi/wifi_usart.cpp:3:6:virtual void WifiUsart::init()	16	static
../Bsp/usart/wifi/wifi_usart.cpp:14:6:void WifiUsart::init(const char*, const char*, const char*, uint32_t)	24	static
../Bsp/usart/wifi/wifi_usart.cpp:22:6:void WifiUsart::init(UART_HandleTypeDef*, const char*, const char*, const char*, uint32_t)	32	static
../Bsp/usart/wifi/wifi_usart.cpp:29:6:virtual void WifiUsart::deinit()	16	static
../Bsp/usart/wifi/wifi_usart.cpp:36:9:virtual int32_t WifiUsart::recv(uint8_t*, uint32_t)	32	static
../Bsp/usart/wifi/wifi_usart.cpp:49:6:void WifiUsart::join_wifi(const char*, const char*)	24	static
../Bsp/usart/wifi/wifi_usart.cpp:79:6:void WifiUsart::connect_host(const char*, uint32_t)	64	static
../Bsp/usart/wifi/wifi_usart.cpp:129:6:)	124	static
