Component: ARM Compiler 5.06 update 7 (build 960) Tool: armlink [4d3601]

==============================================================================

Section Cross References

    startup_stm32f10x_md.o(RESET) refers to startup_stm32f10x_md.o(STACK) for __initial_sp
    startup_stm32f10x_md.o(RESET) refers to startup_stm32f10x_md.o(.text) for Reset_Handler
    startup_stm32f10x_md.o(RESET) refers to stm32f10x_it.o(.text) for NMI_Handler
    startup_stm32f10x_md.o(.text) refers to system_stm32f10x.o(.text) for SystemInit
    startup_stm32f10x_md.o(.text) refers to entry.o(.ARM.Collect$$$$00000000) for __main
    system_stm32f10x.o(.text) refers to system_stm32f10x.o(.data) for SystemCoreClock
    stm32f10x_adc.o(.text) refers to stm32f10x_rcc.o(.text) for RCC_APB2PeriphResetCmd
    stm32f10x_bkp.o(.text) refers to stm32f10x_rcc.o(.text) for RCC_BackupResetCmd
    stm32f10x_can.o(.text) refers to stm32f10x_rcc.o(.text) for RCC_APB1PeriphResetCmd
    stm32f10x_cec.o(.text) refers to stm32f10x_rcc.o(.text) for RCC_APB1PeriphResetCmd
    stm32f10x_dac.o(.text) refers to stm32f10x_rcc.o(.text) for RCC_APB1PeriphResetCmd
    stm32f10x_gpio.o(.text) refers to stm32f10x_rcc.o(.text) for RCC_APB2PeriphResetCmd
    stm32f10x_i2c.o(.text) refers to stm32f10x_rcc.o(.text) for RCC_APB1PeriphResetCmd
    stm32f10x_pwr.o(.text) refers to stm32f10x_rcc.o(.text) for RCC_APB1PeriphResetCmd
    stm32f10x_rcc.o(.text) refers to stm32f10x_rcc.o(.data) for APBAHBPrescTable
    stm32f10x_spi.o(.text) refers to stm32f10x_rcc.o(.text) for RCC_APB2PeriphResetCmd
    stm32f10x_tim.o(.text) refers to stm32f10x_rcc.o(.text) for RCC_APB2PeriphResetCmd
    stm32f10x_usart.o(.text) refers to stm32f10x_rcc.o(.text) for RCC_APB2PeriphResetCmd
    stm32f10x_wwdg.o(.text) refers to stm32f10x_rcc.o(.text) for RCC_APB1PeriphResetCmd
    main.o(.text) refers to context.o(.text) for nmea_property
    main.o(.text) refers to info.o(.text) for nmea_zero_INFO
    main.o(.text) refers to parser.o(.text) for nmea_parser_init
    main.o(.text) refers to gps_config.o(.text) for GMTconvert
    main.o(.text) refers to bsp_esp8266.o(.text) for esp8266_printf
    main.o(.text) refers to gmath.o(.text) for nmea_ndeg2degree
    main.o(.text) refers to bsp_usart1.o(.text) for USART1_Config
    main.o(.text) refers to core_delay.o(.text) for CPU_TS_TmrInit
    main.o(.text) refers to bsp_led.o(.text) for LED_GPIO_Config
    main.o(.text) refers to printf8.o(i.__0printf$8) for __2printf
    main.o(.text) refers to bsp_esp8266_test.o(.text) for ESP8266_StaTcpClient_Unvarnish_ConfigTest
    main.o(.text) refers to gps_config.o(.data) for GPS_HalfTransferEnd
    main.o(.text) refers to gps_config.o(.bss) for gps_rbuff
    stm32f10x_it.o(.text) refers to stm32f10x_usart.o(.text) for USART_GetITStatus
    stm32f10x_it.o(.text) refers to strstr.o(.text) for strstr
    stm32f10x_it.o(.text) refers to gps_config.o(.text) for GPS_ProcessDMAIRQ
    stm32f10x_it.o(.text) refers to bsp_esp8266.o(.bss) for strUSART_Fram_Record
    stm32f10x_it.o(.text) refers to bsp_esp8266_test.o(.data) for ucTcpClosedFlag
    bsp_usart1.o(.text) refers to misc.o(.text) for NVIC_PriorityGroupConfig
    bsp_usart1.o(.text) refers to stm32f10x_rcc.o(.text) for RCC_APB2PeriphClockCmd
    bsp_usart1.o(.text) refers to stm32f10x_gpio.o(.text) for GPIO_Init
    bsp_usart1.o(.text) refers to stm32f10x_usart.o(.text) for USART_Init
    bsp_systick.o(.text) refers to system_stm32f10x.o(.data) for SystemCoreClock
    common.o(.text) refers to stm32f10x_usart.o(.text) for USART_SendData
    bsp_dht11.o(.text) refers to stm32f10x_rcc.o(.text) for RCC_APB2PeriphClockCmd
    bsp_dht11.o(.text) refers to stm32f10x_gpio.o(.text) for GPIO_Init
    bsp_dht11.o(.text) refers to core_delay.o(.text) for CPU_TS_Tmr_Delay_US
    bsp_esp8266.o(.text) refers to misc.o(.text) for NVIC_PriorityGroupConfig
    bsp_esp8266.o(.text) refers to stm32f10x_rcc.o(.text) for RCC_APB1PeriphClockCmd
    bsp_esp8266.o(.text) refers to stm32f10x_gpio.o(.text) for GPIO_Init
    bsp_esp8266.o(.text) refers to stm32f10x_usart.o(.text) for USART_Init
    bsp_esp8266.o(.text) refers to core_delay.o(.text) for CPU_TS_Tmr_Delay_US
    bsp_esp8266.o(.text) refers to common.o(.text) for USART_printf
    bsp_esp8266.o(.text) refers to printf8.o(i.__0printf$8) for __2printf
    bsp_esp8266.o(.text) refers to strstr.o(.text) for strstr
    bsp_esp8266.o(.text) refers to printf8.o(i.__0sprintf$8) for __2sprintf
    bsp_esp8266.o(.text) refers to memseta.o(.text) for __aeabi_memclr4
    bsp_esp8266.o(.text) refers to bsp_esp8266.o(.bss) for strEsp8266_Fram_Record
    bsp_esp8266.o(.text) refers to printfa.o(i.__0vsprintf) for __c89vsprintf
    bsp_esp8266.o(.text) refers to strlen.o(.text) for strlen
    bsp_esp8266_test.o(.text) refers to strstr.o(.text) for strstr
    bsp_esp8266_test.o(.text) refers to printf8.o(i.__0printf$8) for __2printf
    bsp_esp8266_test.o(.text) refers to stm32f10x_gpio.o(.text) for GPIO_SetBits
[...]
    ..\..\Libraries\CMSIS\core_cm3.c         0x00000000   Number         0  core_cm3.o ABSOLUTE
    ..\..\Libraries\CMSIS\startup\startup_stm32f10x_md.s 0x00000000   Number         0  startup_stm32f10x_md.o ABSOLUTE
    ..\..\Libraries\CMSIS\system_stm32f10x.c 0x00000000   Number         0  system_stm32f10x.o ABSOLUTE
    ..\..\Libraries\FWlib\src\misc.c         0x00000000   Number         0  misc.o ABSOLUTE
    ..\..\Libraries\FWlib\src\stm32f10x_adc.c 0x00000000   Number         0  stm32f10x_adc.o ABSOLUTE
    ..\..\Libraries\FWlib\src\stm32f10x_bkp.c 0x00000000   Number         0  stm32f10x_bkp.o ABSOLUTE
    ..\..\Libraries\FWlib\src\stm32f10x_can.c 0x00000000   Number         0  stm32f10x_can.o ABSOLUTE
    ..\..\Libraries\FWlib\src\stm32f10x_cec.c 0x00000000   Number         0  stm32f10x_cec.o ABSOLUTE
    ..\..\Libraries\FWlib\src\stm32f10x_crc.c 0x00000000   Number         0  stm32f10x_crc.o ABSOLUTE
    ..\..\Libraries\FWlib\src\stm32f10x_dac.c 0x00000000   Number         0  stm32f10x_dac.o ABSOLUTE
    ..\..\Libraries\FWlib\src\stm32f10x_dbgmcu.c 0x00000000   Number         0  stm32f10x_dbgmcu.o ABSOLUTE
    ..\..\Libraries\FWlib\src\stm32f10x_dma.c 0x00000000   Number         0  stm32f10x_dma.o ABSOLUTE
    ..\..\Libraries\FWlib\src\stm32f10x_exti.c 0x00000000   Number         0  stm32f10x_exti.o ABSOLUTE
    ..\..\Libraries\FWlib\src\stm32f10x_flash.c 0x00000000   Number         0  stm32f10x_flash.o ABSOLUTE
    ..\..\Libraries\FWlib\src\stm32f10x_fsmc.c 0x00000000   Number         0  stm32f10x_fsmc.o ABSOLUTE
    ..\..\Libraries\FWlib\src\stm32f10x_gpio.c 0x00000000   Number         0  stm32f10x_gpio.o ABSOLUTE
    ..\..\Libraries\FWlib\src\stm32f10x_i2c.c 0x00000000   Number         0  stm32f10x_i2c.o ABSOLUTE
    ..\..\Libraries\FWlib\src\stm32f10x_iwdg.c 0x00000000   Number         0  stm32f10x_iwdg.o ABSOLUTE
    ..\..\Libraries\FWlib\src\stm32f10x_pwr.c 0x00000000   Number         0  stm32f10x_pwr.o ABSOLUTE
    ..\..\Libraries\FWlib\src\stm32f10x_rcc.c 0x00000000   Number         0  stm32f10x_rcc.o ABSOLUTE
    ..\..\Libraries\FWlib\src\stm32f10x_rtc.c 0x00000000   Number         0  stm32f10x_rtc.o ABSOLUTE
    ..\..\Libraries\FWlib\src\stm32f10x_sdio.c 0x00000000   Number         0  stm32f10x_sdio.o ABSOLUTE
    ..\..\Libraries\FWlib\src\stm32f10x_spi.c 0x00000000   Number         0  stm32f10x_spi.o ABSOLUTE
    ..\..\Libraries\FWlib\src\stm32f10x_tim.c 0x00000000   Number         0  stm32f10x_tim.o ABSOLUTE
    ..\..\Libraries\FWlib\src\stm32f10x_usart.c 0x00000000   Number         0  stm32f10x_usart.o ABSOLUTE
    ..\..\Libraries\FWlib\src\stm32f10x_wwdg.c 0x00000000   Number         0  stm32f10x_wwdg.o ABSOLUTE
    ..\..\User\Common\Common.c               0x00000000   Number         0  common.o ABSOLUTE
    ..\..\User\ESP8266\bsp_esp8266.c         0x00000000   Number         0  bsp_esp8266.o ABSOLUTE
    ..\..\User\ESP8266\bsp_esp8266_test.c    0x00000000   Number         0  bsp_esp8266_test.o ABSOLUTE
    ..\..\User\SysTick\bsp_SysTick.c         0x00000000   Number         0  bsp_systick.o ABSOLUTE
    ..\..\User\dht11\bsp_dht11.c             0x00000000   Number         0  bsp_dht11.o ABSOLUTE
    ..\..\User\dwt_delay\core_delay.c        0x00000000   Number         0  core_delay.o ABSOLUTE
    ..\..\User\gps\gps_config.c              0x00000000   Number         0  gps_config.o ABSOLUTE
    ..\..\User\led\bsp_led.c                 0x00000000   Number         0  bsp_led.o ABSOLUTE
    ..\..\User\main.c                        0x00000000   Number         0  main.o ABSOLUTE
    ..\..\User\nmea_decode\src\context.c     0x00000000   Number         0  context.o ABSOLUTE
    ..\..\User\nmea_decode\src\generate.c    0x00000000   Number         0  generate.o ABSOLUTE
    ..\..\User\nmea_decode\src\generator.c   0x00000000   Number         0  generator.o ABSOLUTE
    ..\..\User\nmea_decode\src\gmath.c       0x00000000   Number         0  gmath.o ABSOLUTE
    ..\..\User\nmea_decode\src\info.c        0x00000000   Number         0  info.o ABSOLUTE
    ..\..\User\nmea_decode\src\parse.c       0x00000000   Number         0  parse.o ABSOLUTE
    ..\..\User\nmea_decode\src\parser.c      0x00000000   Number         0  parser.o ABSOLUTE
    ..\..\User\nmea_decode\src\sentence.c    0x00000000   Number         0  sentence.o ABSOLUTE
    ..\..\User\nmea_decode\src\time.c        0x00000000   Number         0  time.o ABSOLUTE
    ..\..\User\nmea_decode\src\tok.c         0x00000000   Number         0  tok.o ABSOLUTE
    ..\..\User\stm32f10x_it.c                0x00000000   Number         0  stm32f10x_it.o ABSOLUTE
    ..\..\User\usart\bsp_usart1.c            0x00000000   Number         0  bsp_usart1.o ABSOLUTE
    ..\\..\\Libraries\\CMSIS\\core_cm3.c     0x00000000   Number         0  core_cm3.o ABSOLUTE
    cdcmple.s                                0x00000000   Number         0  cdcmple.o ABSOLUTE
    cdrcmple.s                               0x00000000   Number         0  cdrcmple.o ABSOLUTE
    dc.s                                     0x00000000   Number         0  dc.o ABSOLUTE
    handlers.s                               0x00000000   Number         0  handlers.o ABSOLUTE
    init.s                                   0x00000000   Number         0  init.o ABSOLUTE
    RESET                                    0x08000000   Section      236  startup_stm32f10x_md.o(RESET)
    .ARM.Collect$$$$00000000                 0x080000ec   Section        0  entry.o(.ARM.Collect$$$$00000000)
    .ARM.Collect$$$$00000001                 0x080000ec   Section        4  entry2.o(.ARM.Collect$$$$00000001)
    .ARM.Collect$$$$00000004                 0x080000f0   Section        4  entry5.o(.ARM.Collect$$$$00000004)
    .ARM.Collect$$$$00000008                 0x080000f4   Section        0  entry7b.o(.ARM.Collect$$$$00000008)
    .ARM.Collect$$$$0000000A                 0x080000f4   Section        0  entry8b.o(.ARM.Collect$$$$0000000A)
    .ARM.Collect$$$$0000000B                 0x080000f4   Section        8  entry9a.o(.ARM.Collect$$$$0000000B)
    .ARM.Collect$$$$0000000E                 0x080000fc   Section        4  entry12b.o(.ARM.Collect$$$$0000000E)
    .ARM.Collect$$$$0000000F                 0x08000100   Section        0  entry10a.o(.ARM.Collect$$$$0000000F)
    .ARM.Collect$$$$00000011                 0x08000100   Section        0  entry11a.o(.ARM.Collect$$$$00000011)
    .ARM.Collect$$$$00002712                 0x08000100   Section        4  entry2.o(.ARM.Collect$$$$00002712)
    __lit__00000000                          0x08000100   Data           4  entry2.o(.ARM.Collect$$$$00002712)
    .text                                    0x08000104   Section       36  startup_stm32f10x_md.o(.text)
    .text                                    0x08000128   Section        0  system_stm32f10x.o(.text)
    SetSysClockTo72                          0x08000129   Thumb Code   214  system_stm32f10x.o(.text)
    SetSysClock                              0x080001ff   Thumb Code     8  system_stm32f10x.o(.text)
    .text                                    0x08000308   Section        0  misc.o(.text)
    .text                                    0x080003e4   Section        0  stm32f10x_dma.o(.text)
    .text                                    0x08000638   Section        0  stm32f10x_gpio.o(.text)
    .text                                    0x08000994   Section        0  stm32f10x_rcc.o(.text)
    .text                                    0x08000d38   Section        0  stm32f10x_usart.o(.text)
    .text                                    0x08001140   Section        0  main.o(.text)
    .text                                    0x080013e4   Section        0  stm32f10x_it.o(.text)
    .text                                    0x08001520   Section        0  bsp_usart1.o(.text)
    NVIC_Configuration                       0x08001521   Thumb Code    38  bsp_usart1.o(.text)
    .text                                    0x080016a0   Section        0  common.o(.text)
    itoa                                     0x080016a1   Thumb Code    98  common.o(.text)
    .text                                    0x08001808   Section        0  bsp_esp8266.o(.text)
    ESP8266_USART_NVIC_Configuration         0x08001809   Thumb Code    40  bsp_esp8266.o(.text)
    ESP8266_USART_Config                     0x08001831   Thumb Code   144  bsp_esp8266.o(.text)
    ESP8266_GPIO_Config                      0x080018c1   Thumb Code    64  bsp_esp8266.o(.text)
    .text                                    0x080020b8   Section        0  bsp_esp8266_test.o(.text)
    .text                                    0x08002438   Section        0  core_delay.o(.text)
    .text                                    0x080024b4   Section        0  bsp_led.o(.text)
    .text                                    0x0800258c   Section        0  gps_config.o(.text)
    GPS_USART_Config                         0x0800258d   Thumb Code   120  gps_config.o(.text)
    GPS_Interrupt_Config                     0x08002605   Thumb Code    42  gps_config.o(.text)
    GPS_DMA_Config                           0x0800262f   Thumb Code   102  gps_config.o(.text)
    IsLeapYear                               0x080026ff   Thumb Code    50  gps_config.o(.text)
    .text                                    0x080028c0   Section        0  context.o(.text)
    .text                                    0x080029b4   Section        0  gmath.o(.text)
    .text                                    0x08003d5a   Section        0  info.o(.text)
    .text                                    0x08003d78   Section        0  parse.o(.text)
    .text                                    0x080050e0   Section        0  parser.o(.text)
    .text                                    0x0800571c   Section        0  time.o(.text)
    .text                                    0x08005734   Section        0  tok.o(.text)
    .text                                    0x08005a3c   Section        0  ctype_o.o(.text)
    .text                                    0x08005a44   Section        0  isspace_o.o(.text)
    .text                                    0x08005a56   Section        0  memcpya.o(.text)
    .text                                    0x08005a7a   Section        0  memseta.o(.text)
    .text                                    0x08005a9e   Section        0  strstr.o(.text)
    .text                                    0x08005ac2   Section        0  strlen.o(.text)
    .text                                    0x08005ad0   Section        0  memchr.o(.text)
    .text                                    0x08005ae4   Section        0  memcmp.o(.text)
    .text                                    0x08005afe   Section        0  strtol.o(.text)
    .text                                    0x08005b6e   Section        0  dadd.o(.text)
    .text                                    0x08005cbc   Section        0  dmul.o(.text)
    .text                                    0x08005da0   Section        0  ddiv.o(.text)
    .text                                    0x08005e7e   Section        0  dflti.o(.text)
    .text                                    0x08005ea0   Section        0  dfixi.o(.text)
    .text                                    0x08005ee0   Section       48  cdcmple.o(.text)
    .text                                    0x08005f10   Section       48  cdrcmple.o(.text)
    .text                                    0x08005f40   Section        0  uidiv.o(.text)
    .text                                    0x08005f6c   Section        0  uldiv.o(.text)
    .text                                    0x08005fce   Section        0  llshl.o(.text)
    .text                                    0x08005fec   Section        0  llushr.o(.text)
    .text                                    0x0800600c   Section        0  llsshr.o(.text)
    .text                                    0x08006030   Section        0  _strtoul.o(.text)
    .text                                    0x080060d0   Section        0  strtod.o(.text)
    _local_sscanf                            0x080060d1   Thumb Code    54  strtod.o(.text)
    .text                                    0x0800616c   Section        0  iusefp.o(.text)
    .text                                    0x0800616c   Section        0  depilogue.o(.text)
    .text                                    0x08006226   Section        0  dscalb.o(.text)
    .text                                    0x08006254   Section        0  dsqrt.o(.text)
    .text                                    0x080062f6   Section        0  dfixul.o(.text)
    .text                                    0x08006328   Section       36  init.o(.text)
    .text                                    0x0800634c   Section        0  _chval.o(.text)
    .text                                    0x08006368   Section        0  scanf_fp.o(.text)
    _fp_value                                0x08006369   Thumb Code   296  scanf_fp.o(.text)
    .text                                    0x080066c8   Section        0  _sgetc.o(.text)
    .text                                    0x08006708   Section        0  dfltui.o(.text)
    .text                                    0x08006722   Section        0  dfltul.o(.text)
    .text                                    0x0800673a   Section        0  d2f.o(.text)
    .text                                    0x08006772   Section        0  fepilogue.o(.text)
    i.__0printf$8                            0x080067e0   Section        0  printf8.o(i.__0printf$8)
    i.__0snprintf$8                          0x08006800   Section        0  printf8.o(i.__0snprintf$8)
    i.__0sprintf$8                           0x08006834   Section        0  printf8.o(i.__0sprintf$8)
    i.__0vsnprintf                           0x0800685c   Section        0  printfa.o(i.__0vsnprintf)
    i.__0vsprintf                            0x08006890   Section        0  printfa.o(i.__0vsprintf)
    i.__ARM_fpclassify                       0x080068b4   Section        0  fpclassify.o(i.__ARM_fpclassify)
    i.__ARM_isnan                            0x080068dc   Section        0  gmath.o(i.__ARM_isnan)
    i.__aeabi_errno_addr                     0x08006900   Section        0  errno.o(i.__aeabi_errno_addr)
    i.__ieee754_rem_pio2                     0x08006908   Section        0  rred.o(i.__ieee754_rem_pio2)
    i.__kernel_cos                           0x08006c90   Section        0  cos_i.o(i.__kernel_cos)
    i.__kernel_poly                          0x08006d8c   Section        0  poly.o(i.__kernel_poly)
    i.__kernel_sin                           0x08006e38   Section        0  sin_i.o(i.__kernel_sin)
    i.__kernel_tan                           0x08006f24   Section        0  tan_i.o(i.__kernel_tan)
    i.__mathlib_dbl_divzero                  0x080071a0   Section        0  dunder.o(i.__mathlib_dbl_divzero)
    i.__mathlib_dbl_infnan                   0x080071b0   Section        0  dunder.o(i.__mathlib_dbl_infnan)
    i.__mathlib_dbl_infnan2                  0x080071b6   Section        0  dunder.o(i.__mathlib_dbl_infnan2)
    i.__mathlib_dbl_invalid                  0x080071ba   Section        0  dunder.o(i.__mathlib_dbl_invalid)
    i.__mathlib_dbl_overflow                 0x080071c6   Section        0  dunder.o(i.__mathlib_dbl_overflow)
    i.__mathlib_dbl_underflow                0x080071d4   Section        0  dunder.o(i.__mathlib_dbl_underflow)
    i.__scatterload_copy                     0x080071e4   Section       14  handlers.o(i.__scatterload_copy)
    i.__scatterload_null                     0x080071f2   Section        2  handlers.o(i.__scatterload_null)
    i.__scatterload_zeroinit                 0x080071f4   Section       14  handlers.o(i.__scatterload_zeroinit)
    i.__set_errno                            0x08007204   Section        0  errno.o(i.__set_errno)
    i._fp_digits                             0x08007210   Section        0  printfa.o(i._fp_digits)
    _fp_digits                               0x08007211   Thumb Code   366  printfa.o(i._fp_digits)
    i._is_digit                              0x08007394   Section        0  scanf_fp.o(i._is_digit)
    i._printf_core                           0x080073a4   Section        0  printf8.o(i._printf_core)
    _printf_core                             0x080073a5   Thumb Code   984  printf8.o(i._printf_core)
    i._printf_core                           0x080077a8   Section        0  printfa.o(i._printf_core)
    _printf_core                             0x080077a9   Thumb Code  1704  printfa.o(i._printf_core)
    i._printf_post_padding                   0x08007e5c   Section        0  printf8.o(i._printf_post_padding)
    _printf_post_padding                     0x08007e5d   Thumb Code    36  printf8.o(i._printf_post_padding)
    i._printf_post_padding                   0x08007e80   Section        0  printfa.o(i._printf_post_padding)
    _printf_post_padding                     0x08007e81   Thumb Code    36  printfa.o(i._printf_post_padding)
    i._printf_pre_padding                    0x08007ea4   Section        0  printf8.o(i._printf_pre_padding)
    _printf_pre_padding                      0x08007ea5   Thumb Code    46  printf8.o(i._printf_pre_padding)
    i._printf_pre_padding                    0x08007ed2   Section        0  printfa.o(i._printf_pre_padding)
    _printf_pre_padding                      0x08007ed3   Thumb Code    46  printfa.o(i._printf_pre_padding)
    i._snputc                                0x08007f00   Section        0  printf8.o(i._snputc)
    _snputc                                  0x08007f01   Thumb Code    22  printf8.o(i._snputc)
    i._snputc                                0x08007f16   Section        0  printfa.o(i._snputc)
    _snputc                                  0x08007f17   Thumb Code    22  printfa.o(i._snputc)
    i._sputc                                 0x08007f2c   Section        0  printf8.o(i._sputc)
    _sputc                                   0x08007f2d   Thumb Code    10  printf8.o(i._sputc)
    i._sputc                                 0x08007f36   Section        0  printfa.o(i._sputc)
    _sputc                                   0x08007f37   Thumb Code    10  printfa.o(i._sputc)
    i.acos                                   0x08007f40   Section        0  acos.o(i.acos)
    i.asin                                   0x080081bc   Section        0  asin.o(i.asin)
    i.atan                                   0x0800842c   Section        0  atan.o(i.atan)
    i.atan2                                  0x0800864c   Section        0  atan2.o(i.atan2)
    i.cos                                    0x080087e8   Section        0  cos.o(i.cos)
    i.free                                   0x08008884   Section        0  malloc.o(i.free)
    i.malloc                                 0x080088d4   Section        0  malloc.o(i.malloc)
    i.modf                                   0x08008940   Section        0  modf.o(i.modf)
    i.pow                                    0x080089d4   Section        0  pow.o(i.pow)
    i.sin                                    0x080093ac   Section        0  sin.o(i.sin)
    i.sqrt                                   0x0800944c   Section        0  sqrt.o(i.sqrt)
    i.strtod                                 0x08009498   Section        0  strtod.o(i.strtod)
    i.tan                                    0x080094b4   Section        0  tan.o(i.tan)
    .constdata                               0x08009518   Section       80  acos.o(.constdata)
    pS                                       0x08009518   Data          48  acos.o(.constdata)
    qS                                       0x08009548   Data          32  acos.o(.constdata)
    .constdata                               0x08009568   Section       80  asin.o(.constdata)
    pS                                       0x08009568   Data          48  asin.o(.constdata)
    qS                                       0x08009598   Data          32  asin.o(.constdata)
    .constdata                               0x080095b8   Section      152  atan.o(.constdata)
    atanhi                                   0x080095b8   Data          32  atan.o(.constdata)
    atanlo                                   0x080095d8   Data          32  atan.o(.constdata)
    aTodd                                    0x080095f8   Data          40  atan.o(.constdata)
    aTeven                                   0x08009620   Data          48  atan.o(.constdata)
    .constdata                               0x08009650   Section      136  pow.o(.constdata)
    bp                                       0x08009650   Data          16  pow.o(.constdata)
    dp_h                                     0x08009660   Data          16  pow.o(.constdata)
    dp_l                                     0x08009670   Data          16  pow.o(.constdata)
    L                                        0x08009680   Data          48  pow.o(.constdata)
    P                                        0x080096b0   Data          40  pow.o(.constdata)
    .constdata                               0x080096d8   Section      129  ctype_o.o(.constdata)
    .constdata                               0x0800975c   Section        4  ctype_o.o(.constdata)
    table                                    0x0800975c   Data           4  ctype_o.o(.constdata)
    .constdata                               0x08009760   Section       48  cos_i.o(.constdata)
    C                                        0x08009760   Data          48  cos_i.o(.constdata)
    .constdata                               0x08009790   Section        8  qnan.o(.constdata)
    .constdata                               0x08009798   Section      200  rred.o(.constdata)
    pio2s                                    0x08009798   Data          48  rred.o(.constdata)
    twooverpi                                0x080097c8   Data         152  rred.o(.constdata)
    .constdata                               0x08009860   Section       40  sin_i.o(.constdata)
    S                                        0x08009860   Data          40  sin_i.o(.constdata)
    .constdata                               0x08009888   Section       96  tan_i.o(.constdata)
    Todd                                     0x08009888   Data          48  tan_i.o(.constdata)
    Teven                                    0x080098b8   Data          48  tan_i.o(.constdata)
    .conststring                             0x080098e8   Section       36  bsp_esp8266_test.o(.conststring)
    .conststring                             0x0800990c   Section      238  parse.o(.conststring)
    .data                                    0x20000000   Section       20  system_stm32f10x.o(.data)
    .data                                    0x20000014   Section       20  stm32f10x_rcc.o(.data)
    APBAHBPrescTable                         0x20000014   Data          16  stm32f10x_rcc.o(.data)
    ADCPrescTable                            0x20000024   Data           4  stm32f10x_rcc.o(.data)
    .data                                    0x20000028   Section       17  bsp_esp8266_test.o(.data)
    .data                                    0x20000039   Section        1  bsp_led.o(.data)
    count                                    0x20000039   Data           1  bsp_led.o(.data)
    .data                                    0x2000003a   Section        2  gps_config.o(.data)
    .data                                    0x2000003c   Section       16  context.o(.data)
    prop                                     0x2000003c   Data          16  context.o(.data)
    .data                                    0x2000004c   Section       52  parse.o(.data)
    pheads                                   0x2000004c   Data          52  parse.o(.data)
    .data                                    0x20000080   Section        4  stdout.o(.data)
    .data                                    0x20000084   Section        4  mvars.o(.data)
    .data                                    0x20000088   Section        4  mvars.o(.data)
    .data                                    0x2000008c   Section        4  errno.o(.data)
    _errno                                   0x2000008c   Data           4  errno.o(.data)
    .bss                                     0x20000090   Section     2052  bsp_esp8266.o(.bss)
    .bss                                     0x20000894   Section      512  gps_config.o(.bss)
    .bss                                     0x20000a94   Section      256  parse.o(.bss)
    HEAP                                     0x20000b98   Section     4096  startup_stm32f10x_md.o(HEAP)
    STACK                                    0x20001b98   Section     1024  startup_stm32f10x_md.o(STACK)

    Global Symbols

    Symbol Name                              Value     Ov Type        Size  Object(Section)

    BuildAttributes$$THM_ISAv4$P$D$K$B$S$PE$A:L22UL41UL21$X:L11$S22US41US21$IEEE1$IW$USESV6$~STKCKD$USESV7$~SHL$OTIME$ROPI$IEEEX$EBA8$MICROLIB$REQ8$PRES8$EABIv2 0x00000000   Number         0  anon$$obj.o ABSOLUTE
    __ARM_use_no_argv                        0x00000000   Number         0  main.o ABSOLUTE
    _printf_a                                0x00000000   Number         0  stubs.o ABSOLUTE
    _printf_c                                0x00000000   Number         0  stubs.o ABSOLUTE
    _printf_charcount                        0x00000000   Number         0  stubs.o ABSOLUTE
    _printf_d                                0x00000000   Number         0  stubs.o ABSOLUTE
    _printf_e                                0x00000000   Number         0  stubs.o ABSOLUTE
    _printf_f                                0x00000000   Number         0  stubs.o ABSOLUTE
    _printf_flags                            0x00000000   Number         0  stubs.o ABSOLUTE
    _printf_fp_dec                           0x00000000   Number         0  stubs.o ABSOLUTE
    _printf_fp_hex                           0x00000000   Number         0  stubs.o ABSOLUTE
    _printf_g                                0x00000000   Number         0  stubs.o ABSOLUTE
    _printf_i                                0x00000000   Number         0  stubs.o ABSOLUTE
    _printf_int_dec                          0x00000000   Number         0  stubs.o ABSOLUTE
    _printf_l                                0x00000000   Number         0  stubs.o ABSOLUTE
    _printf_lc                               0x00000000   Number         0  stubs.o ABSOLUTE
    _printf_ll                               0x00000000   Number         0  stubs.o ABSOLUTE
    _printf_lld                              0x00000000   Number         0  stubs.o ABSOLUTE
    _printf_lli                              0x00000000   Number         0  stubs.o ABSOLUTE
    _printf_llo                              0x00000000   Number         0  stubs.o ABSOLUTE
    _printf_llu                              0x00000000   Number         0  stubs.o ABSOLUTE
    _printf_llx                              0x00000000   Number         0  stubs.o ABSOLUTE
    _printf_longlong_dec                     0x00000000   Number         0  stubs.o ABSOLUTE
    _printf_longlong_hex                     0x00000000   Number         0  stubs.o ABSOLUTE
    _printf_longlong_oct                     0x00000000   Number         0  stubs.o ABSOLUTE
    _printf_ls                               0x00000000   Number         0  stubs.o ABSOLUTE
    _printf_mbtowc                           0x00000000   Number         0  stubs.o ABSOLUTE
    _printf_n                                0x00000000   Number         0  stubs.o ABSOLUTE
    _printf_o                                0x00000000   Number         0  stubs.o ABSOLUTE
    _printf_p                                0x00000000   Number         0  stubs.o ABSOLUTE
    _printf_percent                          0x00000000   Number         0  stubs.o ABSOLUTE
    _printf_pre_padding                      0x00000000   Number         0  stubs.o ABSOLUTE
    _printf_return_value                     0x00000000   Number         0  stubs.o ABSOLUTE
    _printf_s                                0x00000000   Number         0  stubs.o ABSOLUTE
    _printf_sizespec                         0x00000000   Number         0  stubs.o ABSOLUTE
    _printf_str                              0x00000000   Number         0  stubs.o ABSOLUTE
    _printf_truncate_signed                  0x00000000   Number         0  stubs.o ABSOLUTE
    _printf_truncate_unsigned                0x00000000   Number         0  stubs.o ABSOLUTE
    _printf_u                                0x00000000   Number         0  stubs.o ABSOLUTE
    _printf_wc                               0x00000000   Number         0  stubs.o ABSOLUTE
    _printf_wctomb                           0x00000000   Number         0  stubs.o ABSOLUTE
    _printf_widthprec                        0x00000000   Number         0  stubs.o ABSOLUTE
    _printf_x                                0x00000000   Number         0  stubs.o ABSOLUTE
    __arm_fini_                               - Undefined Weak Reference
    __cpp_initialize__aeabi_                  - Undefined Weak Reference
    __cxa_finalize                            - Undefined Weak Reference
    __decompress                              - Undefined Weak Reference
    _clock_init                               - Undefined Weak Reference
    _microlib_exit                            - Undefined Weak Reference
    __Vectors_Size                           0x000000ec   Number         0  startup_stm32f10x_md.o ABSOLUTE
    __Vectors                                0x08000000   Data           4  startup_stm32f10x_md.o(RESET)
    __Vectors_End                            0x080000ec   Data           0  startup_stm32f10x_md.o(RESET)
    __main                                   0x080000ed   Thumb Code     0  entry.o(.ARM.Collect$$$$00000000)
    _main_stk                                0x080000ed   Thumb Code     0  entry2.o(.ARM.Collect$$$$00000001)
    _main_scatterload                        0x080000f1   Thumb Code     0  entry5.o(.ARM.Collect$$$$00000004)
    __main_after_scatterload                 0x080000f5   Thumb Code     0  entry5.o(.ARM.Collect$$$$00000004)
    _main_clock                              0x080000f5   Thumb Code     0  entry7b.o(.ARM.Collect$$$$00000008)
    _main_cpp_init                           0x080000f5   Thumb Code     0  entry8b.o(.ARM.Collect$$$$0000000A)
    _main_init                               0x080000f5   Thumb Code     0  entry9a.o(.ARM.Collect$$$$0000000B)
    __rt_lib_shutdown_fini                   0x080000fd   Thumb Code     0  entry12b.o(.ARM.Collect$$$$0000000E)
    __rt_final_cpp                           0x08000101   Thumb Code     0  entry10a.o(.ARM.Collect$$$$0000000F)
    __rt_final_exit                          0x08000101   Thumb Code     0  entry11a.o(.ARM.Collect$$$$00000011)
    Reset_Handler                            0x08000105   Thumb Code     8  startup_stm32f10x_md.o(.text)
    ADC1_2_IRQHandler                        0x0800011f   Thumb Code     0  startup_stm32f10x_md.o(.text)
    CAN1_RX1_IRQHandler                      0x0800011f   Thumb Code     0  startup_stm32f10x_md.o(.text)
    CAN1_SCE_IRQHandler                      0x0800011f   Thumb Code     0  startup_stm32f10x_md.o(.text)
    DMA1_Channel1_IRQHandler                 0x0800011f   Thumb Code     0  startup_stm32f10x_md.o(.text)
    DMA1_Channel2_IRQHandler                 0x0800011f   Thumb Code     0  startup_stm32f10x_md.o(.text)
    DMA1_Channel4_IRQHandler                 0x0800011f   Thumb Code     0  startup_stm32f10x_md.o(.text)
    DMA1_Channel5_IRQHandler                 0x0800011f   Thumb Code     0  startup_stm32f10x_md.o(.text)
    DMA1_Channel6_IRQHandler                 0x0800011f   Thumb Code     0  startup_stm32f10x_md.o(.text)
    DMA1_Channel7_IRQHandler                 0x0800011f   Thumb Code     0  startup_stm32f10x_md.o(.text)
    EXTI0_IRQHandler                         0x0800011f   Thumb Code     0  startup_stm32f10x_md.o(.text)
    EXTI15_10_IRQHandler                     0x0800011f   Thumb Code     0  startup_stm32f10x_md.o(.text)
    EXTI1_IRQHandler                         0x0800011f   Thumb Code     0  startup_stm32f10x_md.o(.text)
    EXTI2_IRQHandler                         0x0800011f   Thumb Code     0  startup_stm32f10x_md.o(.text)
    EXTI3_IRQHandler                         0x0800011f   Thumb Code     0  startup_stm32f10x_md.o(.text)
    EXTI4_IRQHandler                         0x0800011f   Thumb Code     0  startup_stm32f10x_md.o(.text)
    EXTI9_5_IRQHandler                       0x0800011f   Thumb Code     0  startup_stm32f10x_md.o(.text)
    FLASH_IRQHandler                         0x0800011f   Thumb Code     0  startup_stm32f10x_md.o(.text)
    I2C1_ER_IRQHandler                       0x0800011f   Thumb Code     0  startup_stm32f10x_md.o(.text)
    I2C1_EV_IRQHandler                       0x0800011f   Thumb Code     0  startup_stm32f10x_md.o(.text)
    I2C2_ER_IRQHandler                       0x0800011f   Thumb Code     0  startup_stm32f10x_md.o(.text)
    I2C2_EV_IRQHandler                       0x0800011f   Thumb Code     0  startup_stm32f10x_md.o(.text)
    PVD_IRQHandler                           0x0800011f   Thumb Code     0  startup_stm32f10x_md.o(.text)
    RCC_IRQHandler                           0x0800011f   Thumb Code     0  startup_stm32f10x_md.o(.text)
    RTCAlarm_IRQHandler                      0x0800011f   Thumb Code     0  startup_stm32f10x_md.o(.text)
    RTC_IRQHandler                           0x0800011f   Thumb Code     0  startup_stm32f10x_md.o(.text)
    SPI1_IRQHandler                          0x0800011f   Thumb Code     0  startup_stm32f10x_md.o(.text)
    SPI2_IRQHandler                          0x0800011f   Thumb Code     0  startup_stm32f10x_md.o(.text)
    TAMPER_IRQHandler                        0x0800011f   Thumb Code     0  startup_stm32f10x_md.o(.text)
    TIM1_BRK_IRQHandler                      0x0800011f   Thumb Code     0  startup_stm32f10x_md.o(.text)
    TIM1_CC_IRQHandler                       0x0800011f   Thumb Code     0  startup_stm32f10x_md.o(.text)
    TIM1_TRG_COM_IRQHandler                  0x0800011f   Thumb Code     0  startup_stm32f10x_md.o(.text)
    TIM1_UP_IRQHandler                       0x0800011f   Thumb Code     0  startup_stm32f10x_md.o(.text)
    TIM2_IRQHandler                          0x0800011f   Thumb Code     0  startup_stm32f10x_md.o(.text)
    TIM3_IRQHandler                          0x0800011f   Thumb Code     0  startup_stm32f10x_md.o(.text)
    TIM4_IRQHandler                          0x0800011f   Thumb Code     0  startup_stm32f10x_md.o(.text)
    USART3_IRQHandler                        0x0800011f   Thumb Code     0  startup_stm32f10x_md.o(.text)
    USBWakeUp_IRQHandler                     0x0800011f   Thumb Code     0  startup_stm32f10x_md.o(.text)
    USB_HP_CAN1_TX_IRQHandler                0x0800011f   Thumb Code     0  startup_stm32f10x_md.o(.text)
    USB_LP_CAN1_RX0_IRQHandler               0x0800011f   Thumb Code     0  startup_stm32f10x_md.o(.text)
    WWDG_IRQHandler                          0x0800011f   Thumb Code     0  startup_stm32f10x_md.o(.text)
    SystemInit                               0x08000207   Thumb Code    78  system_stm32f10x.o(.text)
    SystemCoreClockUpdate                    0x08000255   Thumb Code   142  system_stm32f10x.o(.text)
    NVIC_PriorityGroupConfig                 0x08000309   Thumb Code    10  misc.o(.text)
    NVIC_Init                                0x08000313   Thumb Code   100  misc.o(.text)
    NVIC_SetVectorTable                      0x08000377   Thumb Code    14  misc.o(.text)
    NVIC_SystemLPConfig                      0x08000385   Thumb Code    34  misc.o(.text)
    SysTick_CLKSourceConfig                  0x080003a7   Thumb Code    40  misc.o(.text)
    DMA_DeInit                               0x080003e5   Thumb Code   324  stm32f10x_dma.o(.text)
    DMA_Init                                 0x08000529   Thumb Code    60  stm32f10x_dma.o(.text)
    DMA_StructInit                           0x08000565   Thumb Code    26  stm32f10x_dma.o(.text)
    DMA_Cmd                                  0x0800057f   Thumb Code    24  stm32f10x_dma.o(.text)
    DMA_ITConfig                             0x08000597   Thumb Code    18  stm32f10x_dma.o(.text)
    DMA_SetCurrDataCounter                   0x080005a9   Thumb Code     4  stm32f10x_dma.o(.text)
    DMA_GetCurrDataCounter                   0x080005ad   Thumb Code     8  stm32f10x_dma.o(.text)
    DMA_GetFlagStatus                        0x080005b5   Thumb Code    40  stm32f10x_dma.o(.text)
    DMA_ClearFlag                            0x080005dd   Thumb Code    22  stm32f10x_dma.o(.text)
    DMA_GetITStatus                          0x080005f3   Thumb Code    40  stm32f10x_dma.o(.text)
    DMA_ClearITPendingBit                    0x0800061b   Thumb Code    22  stm32f10x_dma.o(.text)
    GPIO_DeInit                              0x08000639   Thumb Code   172  stm32f10x_gpio.o(.text)
    GPIO_AFIODeInit                          0x080006e5   Thumb Code    20  stm32f10x_gpio.o(.text)
    GPIO_Init                                0x080006f9   Thumb Code   278  stm32f10x_gpio.o(.text)
    GPIO_StructInit                          0x0800080f   Thumb Code    16  stm32f10x_gpio.o(.text)
    GPIO_ReadInputDataBit                    0x0800081f   Thumb Code    18  stm32f10x_gpio.o(.text)
    GPIO_ReadInputData                       0x08000831   Thumb Code     8  stm32f10x_gpio.o(.text)
    GPIO_ReadOutputDataBit                   0x08000839   Thumb Code    18  stm32f10x_gpio.o(.text)
    GPIO_ReadOutputData                      0x0800084b   Thumb Code     8  stm32f10x_gpio.o(.text)
    GPIO_SetBits                             0x08000853   Thumb Code     4  stm32f10x_gpio.o(.text)
    GPIO_ResetBits                           0x08000857   Thumb Code     4  stm32f10x_gpio.o(.text)
    GPIO_WriteBit                            0x0800085b   Thumb Code    10  stm32f10x_gpio.o(.text)
    GPIO_Write                               0x08000865   Thumb Code     4  stm32f10x_gpio.o(.text)
    GPIO_PinLockConfig                       0x08000869   Thumb Code    18  stm32f10x_gpio.o(.text)
    GPIO_EventOutputConfig                   0x0800087b   Thumb Code    26  stm32f10x_gpio.o(.text)
    GPIO_EventOutputCmd                      0x08000895   Thumb Code     6  stm32f10x_gpio.o(.text)
    GPIO_PinRemapConfig                      0x0800089b   Thumb Code   138  stm32f10x_gpio.o(.text)
    GPIO_EXTILineConfig                      0x08000925   Thumb Code    66  stm32f10x_gpio.o(.text)
    GPIO_ETH_MediaInterfaceConfig            0x08000967   Thumb Code     8  stm32f10x_gpio.o(.text)
    RCC_DeInit                               0x08000995   Thumb Code    64  stm32f10x_rcc.o(.text)
    RCC_HSEConfig                            0x080009d5   Thumb Code    70  stm32f10x_rcc.o(.text)
    RCC_GetFlagStatus                        0x08000a1b   Thumb Code    56  stm32f10x_rcc.o(.text)
    RCC_WaitForHSEStartUp                    0x08000a53   Thumb Code    56  stm32f10x_rcc.o(.text)
    RCC_AdjustHSICalibrationValue            0x08000a8b   Thumb Code    20  stm32f10x_rcc.o(.text)
    RCC_HSICmd                               0x08000a9f   Thumb Code     6  stm32f10x_rcc.o(.text)
    RCC_PLLConfig                            0x08000aa5   Thumb Code    24  stm32f10x_rcc.o(.text)
    RCC_PLLCmd                               0x08000abd   Thumb Code     6  stm32f10x_rcc.o(.text)
    RCC_SYSCLKConfig                         0x08000ac3   Thumb Code    18  stm32f10x_rcc.o(.text)
    RCC_GetSYSCLKSource                      0x08000ad5   Thumb Code    10  stm32f10x_rcc.o(.text)
    RCC_HCLKConfig                           0x08000adf   Thumb Code    18  stm32f10x_rcc.o(.text)
    RCC_PCLK1Config                          0x08000af1   Thumb Code    18  stm32f10x_rcc.o(.text)
    RCC_PCLK2Config                          0x08000b03   Thumb Code    20  stm32f10x_rcc.o(.text)
    RCC_ITConfig                             0x08000b17   Thumb Code    26  stm32f10x_rcc.o(.text)
    RCC_USBCLKConfig                         0x08000b31   Thumb Code     8  stm32f10x_rcc.o(.text)
    RCC_ADCCLKConfig                         0x08000b39   Thumb Code    18  stm32f10x_rcc.o(.text)
    RCC_LSEConfig                            0x08000b4b   Thumb Code    50  stm32f10x_rcc.o(.text)
    RCC_LSICmd                               0x08000b7d   Thumb Code     6  stm32f10x_rcc.o(.text)
    RCC_RTCCLKConfig                         0x08000b83   Thumb Code    12  stm32f10x_rcc.o(.text)
    RCC_RTCCLKCmd                            0x08000b8f   Thumb Code     8  stm32f10x_rcc.o(.text)
    RCC_GetClocksFreq                        0x08000b97   Thumb Code   192  stm32f10x_rcc.o(.text)
    RCC_AHBPeriphClockCmd                    0x08000c57   Thumb Code    26  stm32f10x_rcc.o(.text)
    RCC_APB2PeriphClockCmd                   0x08000c71   Thumb Code    26  stm32f10x_rcc.o(.text)
    RCC_APB1PeriphClockCmd                   0x08000c8b   Thumb Code    26  stm32f10x_rcc.o(.text)
    RCC_APB2PeriphResetCmd                   0x08000ca5   Thumb Code    26  stm32f10x_rcc.o(.text)
    RCC_APB1PeriphResetCmd                   0x08000cbf   Thumb Code    26  stm32f10x_rcc.o(.text)
    RCC_BackupResetCmd                       0x08000cd9   Thumb Code     8  stm32f10x_rcc.o(.text)
    RCC_ClockSecuritySystemCmd               0x08000ce1   Thumb Code     6  stm32f10x_rcc.o(.text)
    RCC_MCOConfig                            0x08000ce7   Thumb Code     6  stm32f10x_rcc.o(.text)
    RCC_ClearFlag                            0x08000ced   Thumb Code    14  stm32f10x_rcc.o(.text)
    RCC_GetITStatus                          0x08000cfb   Thumb Code    20  stm32f10x_rcc.o(.text)
    RCC_ClearITPendingBit                    0x08000d0f   Thumb Code     6  stm32f10x_rcc.o(.text)
    USART_DeInit                             0x08000d39   Thumb Code   134  stm32f10x_usart.o(.text)
    USART_Init                               0x08000dbf   Thumb Code   210  stm32f10x_usart.o(.text)
    USART_StructInit                         0x08000e91   Thumb Code    24  stm32f10x_usart.o(.text)
    USART_ClockInit                          0x08000ea9   Thumb Code    34  stm32f10x_usart.o(.text)
    USART_ClockStructInit                    0x08000ecb   Thumb Code    12  stm32f10x_usart.o(.text)
    USART_Cmd                                0x08000ed7   Thumb Code    24  stm32f10x_usart.o(.text)
    USART_ITConfig                           0x08000eef   Thumb Code    74  stm32f10x_usart.o(.text)
    USART_DMACmd                             0x08000f39   Thumb Code    18  stm32f10x_usart.o(.text)
    USART_SetAddress                         0x08000f4b   Thumb Code    18  stm32f10x_usart.o(.text)
    USART_WakeUpConfig                       0x08000f5d   Thumb Code    18  stm32f10x_usart.o(.text)
    USART_ReceiverWakeUpCmd                  0x08000f6f   Thumb Code    24  stm32f10x_usart.o(.text)
    USART_LINBreakDetectLengthConfig         0x08000f87   Thumb Code    18  stm32f10x_usart.o(.text)
    USART_LINCmd                             0x08000f99   Thumb Code    24  stm32f10x_usart.o(.text)
    USART_SendData                           0x08000fb1   Thumb Code     8  stm32f10x_usart.o(.text)
    USART_ReceiveData                        0x08000fb9   Thumb Code    10  stm32f10x_usart.o(.text)
    USART_SendBreak                          0x08000fc3   Thumb Code    10  stm32f10x_usart.o(.text)
    USART_SetGuardTime                       0x08000fcd   Thumb Code    16  stm32f10x_usart.o(.text)
    USART_SetPrescaler                       0x08000fdd   Thumb Code    16  stm32f10x_usart.o(.text)
    USART_SmartCardCmd                       0x08000fed   Thumb Code    24  stm32f10x_usart.o(.text)
    USART_SmartCardNACKCmd                   0x08001005   Thumb Code    24  stm32f10x_usart.o(.text)
    USART_HalfDuplexCmd                      0x0800101d   Thumb Code    24  stm32f10x_usart.o(.text)
    USART_OverSampling8Cmd                   0x08001035   Thumb Code    22  stm32f10x_usart.o(.text)
    USART_OneBitMethodCmd                    0x0800104b   Thumb Code    24  stm32f10x_usart.o(.text)
    USART_IrDAConfig                         0x08001063   Thumb Code    18  stm32f10x_usart.o(.text)
    USART_IrDACmd                            0x08001075   Thumb Code    24  stm32f10x_usart.o(.text)
    USART_GetFlagStatus                      0x0800108d   Thumb Code    26  stm32f10x_usart.o(.text)
    USART_ClearFlag                          0x080010a7   Thumb Code    18  stm32f10x_usart.o(.text)
    USART_GetITStatus                        0x080010b9   Thumb Code    84  stm32f10x_usart.o(.text)
    USART_ClearITPendingBit                  0x0800110d   Thumb Code    52  stm32f10x_usart.o(.text)
    nmea_decode_test                         0x08001141   Thumb Code   284  main.o(.text)
    main                                     0x0800125d   Thumb Code    46  main.o(.text)
    NMI_Handler                              0x080013e5   Thumb Code     2  stm32f10x_it.o(.text)
    HardFault_Handler                        0x080013e7   Thumb Code     4  stm32f10x_it.o(.text)
    MemManage_Handler                        0x080013eb   Thumb Code     4  stm32f10x_it.o(.text)
    BusFault_Handler                         0x080013ef   Thumb Code     4  stm32f10x_it.o(.text)
    UsageFault_Handler                       0x080013f3   Thumb Code     4  stm32f10x_it.o(.text)
    SVC_Handler                              0x080013f7   Thumb Code     2  stm32f10x_it.o(.text)
    DebugMon_Handler                         0x080013f9   Thumb Code     2  stm32f10x_it.o(.text)
    PendSV_Handler                           0x080013fb   Thumb Code     2  stm32f10x_it.o(.text)
    SysTick_Handler                          0x080013fd   Thumb Code     2  stm32f10x_it.o(.text)
    USART1_IRQHandler                        0x080013ff   Thumb Code   114  stm32f10x_it.o(.text)
    USART2_IRQHandler                        0x08001471   Thumb Code   134  stm32f10x_it.o(.text)
    DMA1_Channel3_IRQHandler                 0x080014f7   Thumb Code     8  stm32f10x_it.o(.text)
    USART1_Config                            0x08001547   Thumb Code   148  bsp_usart1.o(.text)
    Usart_SendByte                           0x080015db   Thumb Code    30  bsp_usart1.o(.text)
    Usart_SendString                         0x080015f9   Thumb Code    42  bsp_usart1.o(.text)
    Usart_SendHalfWord                       0x08001623   Thumb Code    60  bsp_usart1.o(.text)
    fputc                                    0x0800165f   Thumb Code    32  bsp_usart1.o(.text)
    fgetc                                    0x0800167f   Thumb Code    26  bsp_usart1.o(.text)
    USART_printf                             0x08001703   Thumb Code   262  common.o(.text)
    ESP8266_Init                             0x08001901   Thumb Code    32  bsp_esp8266.o(.text)
    ESP8266_Rst                              0x08001921   Thumb Code    30  bsp_esp8266.o(.text)
    ESP8266_Cmd                              0x0800193f   Thumb Code   200  bsp_esp8266.o(.text)
    ESP8266_DHCP_CUR                         0x08001a07   Thumb Code    30  bsp_esp8266.o(.text)
    ESP8266_AT_Test                          0x08001a25   Thumb Code    80  bsp_esp8266.o(.text)
    ESP8266_Net_Mode_Choose                  0x08001a75   Thumb Code    68  bsp_esp8266.o(.text)
    ESP8266_JoinAP                           0x08001ab9   Thumb Code    38  bsp_esp8266.o(.text)
    ESP8266_BuildAP                          0x08001adf   Thumb Code    42  bsp_esp8266.o(.text)
    ESP8266_Enable_MultipleId                0x08001b09   Thumb Code    42  bsp_esp8266.o(.text)
    ESP8266_Link_Server                      0x08001b33   Thumb Code   110  bsp_esp8266.o(.text)
    ESP8266_StartOrShutServer                0x08001ba1   Thumb Code   104  bsp_esp8266.o(.text)
    ESP8266_Get_LinkStatus                   0x08001c09   Thumb Code   462  bsp_esp8266.o(.text)
    ESP8266_Get_IdLinkStatus                 0x08001dd7   Thumb Code   130  bsp_esp8266.o(.text)
    ESP8266_Inquire_ApIp                     0x08001e59   Thumb Code    80  bsp_esp8266.o(.text)
    ESP8266_UnvarnishSend                    0x08001ea9   Thumb Code    42  bsp_esp8266.o(.text)
    ESP8266_ExitUnvarnishSend                0x08001ed3   Thumb Code    24  bsp_esp8266.o(.text)
    ESP8266_SendString                       0x08001eeb   Thumb Code   102  bsp_esp8266.o(.text)
    ESP8266_ReceiveString                    0x08001f51   Thumb Code    88  bsp_esp8266.o(.text)
    esp8266_printf                           0x08001fa9   Thumb Code    52  bsp_esp8266.o(.text)
    Get_ESP82666_Cmd                         0x080020b9   Thumb Code   106  bsp_esp8266_test.o(.text)
    ESP8266_StaTcpClient_Unvarnish_ConfigTest 0x08002123   Thumb Code   144  bsp_esp8266_test.o(.text)
    ESP8266_CheckRecvDataTest                0x080021b3   Thumb Code   274  bsp_esp8266_test.o(.text)
    CPU_TS_TmrInit                           0x08002439   Thumb Code    30  core_delay.o(.text)
    CPU_TS_TmrRd                             0x08002457   Thumb Code     6  core_delay.o(.text)
    CPU_TS_Tmr_Delay_US                      0x0800245d   Thumb Code    72  core_delay.o(.text)
    LED_GPIO_Config                          0x080024b5   Thumb Code    90  bsp_led.o(.text)
    Flash_Led                                0x0800250f   Thumb Code   118  bsp_led.o(.text)
    GPS_Config                               0x08002695   Thumb Code    12  gps_config.o(.text)
    GPS_ProcessDMAIRQ                        0x080026a1   Thumb Code    50  gps_config.o(.text)
    trace                                    0x080026d3   Thumb Code     2  gps_config.o(.text)
    error                                    0x080026d5   Thumb Code     2  gps_config.o(.text)
    gps_info                                 0x080026d7   Thumb Code    40  gps_config.o(.text)
    GMTconvert                               0x08002731   Thumb Code   356  gps_config.o(.text)
    nmea_property                            0x080028c1   Thumb Code     4  context.o(.text)
    nmea_trace                               0x080028c5   Thumb Code    70  context.o(.text)
    nmea_trace_buff                          0x0800290b   Thumb Code    24  context.o(.text)
    nmea_error                               0x08002923   Thumb Code    70  context.o(.text)
    nmea_info                                0x08002969   Thumb Code    70  context.o(.text)
    nmea_degree2radian                       0x080029b5   Thumb Code    20  gmath.o(.text)
    nmea_radian2degree                       0x080029c9   Thumb Code    20  gmath.o(.text)
    nmea_ndeg2degree                         0x080029dd   Thumb Code    92  gmath.o(.text)
    nmea_degree2ndeg                         0x08002a39   Thumb Code    72  gmath.o(.text)
    nmea_ndeg2radian                         0x08002a81   Thumb Code    26  gmath.o(.text)
    nmea_radian2ndeg                         0x08002a9b   Thumb Code    26  gmath.o(.text)
    nmea_calc_pdop                           0x08002ab5   Thumb Code    66  gmath.o(.text)
    nmea_dop2meters                          0x08002af7   Thumb Code    20  gmath.o(.text)
    nmea_meters2dop                          0x08002b0b   Thumb Code    20  gmath.o(.text)
    nmea_distance                            0x08002b1f   Thumb Code   166  gmath.o(.text)
    nmea_distance_ellipsoid                  0x08002bc5   Thumb Code  2038  gmath.o(.text)
    nmea_move_horz                           0x080033bb   Thumb Code   386  gmath.o(.text)
    nmea_move_horz_ellipsoid                 0x0800353d   Thumb Code  2006  gmath.o(.text)
    nmea_info2pos                            0x08003d13   Thumb Code    36  gmath.o(.text)
    nmea_pos2info                            0x08003d37   Thumb Code    36  gmath.o(.text)
    nmea_zero_INFO                           0x08003d5b   Thumb Code    30  info.o(.text)
    _nmea_parse_time                         0x08003d79   Thumb Code   132  parse.o(.text)
    nmea_pack_type                           0x08003dfd   Thumb Code   262  parse.o(.text)
    nmea_find_tail                           0x08003f03   Thumb Code   130  parse.o(.text)
    nmea_parse_GPGGA                         0x08003f85   Thumb Code   148  parse.o(.text)
    nmea_parse_GPGSA                         0x08004019   Thumb Code   130  parse.o(.text)
    nmea_parse_GPGSV                         0x0800409b   Thumb Code   174  parse.o(.text)
    nmea_parse_GPRMC                         0x08004149   Thumb Code   432  parse.o(.text)
    nmea_parse_GPVTG                         0x080042f9   Thumb Code   132  parse.o(.text)
    nmea_parse_GNGGA                         0x0800437d   Thumb Code   148  parse.o(.text)
    nmea_parse_GNRMC                         0x08004411   Thumb Code   160  parse.o(.text)
    nmea_parse_GNVTG                         0x080044b1   Thumb Code   134  parse.o(.text)
    nmea_parse_GNZDA                         0x08004537   Thumb Code   122  parse.o(.text)
    nmea_parse_GNGLL                         0x080045b1   Thumb Code   124  parse.o(.text)
    nmea_parse_BDGSV                         0x0800462d   Thumb Code   798  parse.o(.text)
    nmea_parse_GPTXT                         0x0800494b   Thumb Code    70  parse.o(.text)
    nmea_GPGGA2info                          0x08004991   Thumb Code    98  parse.o(.text)
    nmea_GPGSA2info                          0x080049f3   Thumb Code   126  parse.o(.text)
    nmea_parse_BDGSA                         0x08004a71   Thumb Code   130  parse.o(.text)
    nmea_GPGSV2info                          0x08004af3   Thumb Code   200  parse.o(.text)
    nmea_GPRMC2info                          0x08004bbb   Thumb Code   148  parse.o(.text)
    nmea_GPVTG2info                          0x08004c4f   Thumb Code    34  parse.o(.text)
    nmea_GNGGA2info                          0x08004c71   Thumb Code   102  parse.o(.text)
    nmea_GNRMC2info                          0x08004cd7   Thumb Code   324  parse.o(.text)
    nmea_GNVTG2info                          0x08004e1b   Thumb Code    50  parse.o(.text)
    nmea_GNZDA2info                          0x08004e4d   Thumb Code    26  parse.o(.text)
    nmea_GNGLL2info                          0x08004e67   Thumb Code   126  parse.o(.text)
    nmea_BDGSV2info                          0x08004ee5   Thumb Code   202  parse.o(.text)
    nmea_BDGSA2info                          0x08004faf   Thumb Code   130  parse.o(.text)
    nmea_GPTXT2info                          0x08005031   Thumb Code    88  parse.o(.text)
    nmea_parser_init                         0x080050e1   Thumb Code    54  parser.o(.text)
    nmea_parser_drop                         0x08005117   Thumb Code    44  parser.o(.text)
    nmea_parser_queue_clear                  0x08005143   Thumb Code    22  parser.o(.text)
    nmea_parser_destroy                      0x08005159   Thumb Code    26  parser.o(.text)
    nmea_parser_pop                          0x08005173   Thumb Code    44  parser.o(.text)
    nmea_parser_buff_clear                   0x0800519f   Thumb Code    10  parser.o(.text)
    nmea_parser_real_push                    0x080051a9   Thumb Code  1050  parser.o(.text)
    nmea_parser_push                         0x080055c3   Thumb Code    50  parser.o(.text)
    nmea_parse                               0x080055f5   Thumb Code   264  parser.o(.text)
    nmea_parser_top                          0x080056fd   Thumb Code    12  parser.o(.text)
    nmea_parser_peek                         0x08005709   Thumb Code    20  parser.o(.text)
    nmea_time_now                            0x0800571d   Thumb Code    24  time.o(.text)
    nmea_calc_crc                            0x08005735   Thumb Code    24  tok.o(.text)
    nmea_atoi                                0x0800574d   Thumb Code    50  tok.o(.text)
    nmea_atof                                0x0800577f   Thumb Code    54  tok.o(.text)
    nmea_printf                              0x080057b5   Thumb Code   102  tok.o(.text)
    nmea_scanf                               0x0800581b   Thumb Code   538  tok.o(.text)
    __rt_ctype_table                         0x08005a3d   Thumb Code     4  ctype_o.o(.text)
    isspace                                  0x08005a45   Thumb Code    18  isspace_o.o(.text)
    __aeabi_memcpy                           0x08005a57   Thumb Code    36  memcpya.o(.text)
    __aeabi_memcpy4                          0x08005a57   Thumb Code     0  memcpya.o(.text)
    __aeabi_memcpy8                          0x08005a57   Thumb Code     0  memcpya.o(.text)
    __aeabi_memset                           0x08005a7b   Thumb Code    14  memseta.o(.text)
    __aeabi_memset4                          0x08005a7b   Thumb Code     0  memseta.o(.text)
    __aeabi_memset8                          0x08005a7b   Thumb Code     0  memseta.o(.text)
    __aeabi_memclr                           0x08005a89   Thumb Code     4  memseta.o(.text)
    __aeabi_memclr4                          0x08005a89   Thumb Code     0  memseta.o(.text)
    __aeabi_memclr8                          0x08005a89   Thumb Code     0  memseta.o(.text)
    _memset$wrapper                          0x08005a8d   Thumb Code    18  memseta.o(.text)
    strstr                                   0x08005a9f   Thumb Code    36  strstr.o(.text)
    strlen                                   0x08005ac3   Thumb Code    14  strlen.o(.text)
    memchr                                   0x08005ad1   Thumb Code    20  memchr.o(.text)
    memcmp                                   0x08005ae5   Thumb Code    26  memcmp.o(.text)
    strtol                                   0x08005aff   Thumb Code   112  strtol.o(.text)
    __aeabi_dadd                             0x08005b6f   Thumb Code   322  dadd.o(.text)
    __aeabi_dsub                             0x08005cb1   Thumb Code     6  dadd.o(.text)
    __aeabi_drsub                            0x08005cb7   Thumb Code     6  dadd.o(.text)
    __aeabi_dmul                             0x08005cbd   Thumb Code   228  dmul.o(.text)
    __aeabi_ddiv                             0x08005da1   Thumb Code   222  ddiv.o(.text)
    __aeabi_i2d                              0x08005e7f   Thumb Code    34  dflti.o(.text)
    __aeabi_d2iz                             0x08005ea1   Thumb Code    62  dfixi.o(.text)
    __aeabi_cdcmpeq                          0x08005ee1   Thumb Code     0  cdcmple.o(.text)
    __aeabi_cdcmple                          0x08005ee1   Thumb Code    48  cdcmple.o(.text)
    __aeabi_cdrcmple                         0x08005f11   Thumb Code    48  cdrcmple.o(.text)
    __aeabi_uidiv                            0x08005f41   Thumb Code     0  uidiv.o(.text)
    __aeabi_uidivmod                         0x08005f41   Thumb Code    44  uidiv.o(.text)
    __aeabi_uldivmod                         0x08005f6d   Thumb Code    98  uldiv.o(.text)
    __aeabi_llsl                             0x08005fcf   Thumb Code    30  llshl.o(.text)
    _ll_shift_l                              0x08005fcf   Thumb Code     0  llshl.o(.text)
    __aeabi_llsr                             0x08005fed   Thumb Code    32  llushr.o(.text)
    _ll_ushift_r                             0x08005fed   Thumb Code     0  llushr.o(.text)
    __aeabi_lasr                             0x0800600d   Thumb Code    36  llsshr.o(.text)
    _ll_sshift_r                             0x0800600d   Thumb Code     0  llsshr.o(.text)
    _strtoul                                 0x08006031   Thumb Code   158  _strtoul.o(.text)
    __strtod_int                             0x08006107   Thumb Code    90  strtod.o(.text)
    __I$use$fp                               0x0800616d   Thumb Code     0  iusefp.o(.text)
    _double_round                            0x0800616d   Thumb Code    30  depilogue.o(.text)
    _double_epilogue                         0x0800618b   Thumb Code   156  depilogue.o(.text)
    __ARM_scalbn                             0x08006227   Thumb Code    46  dscalb.o(.text)
    scalbn                                   0x08006227   Thumb Code     0  dscalb.o(.text)
    _dsqrt                                   0x08006255   Thumb Code   162  dsqrt.o(.text)
    __aeabi_d2ulz                            0x080062f7   Thumb Code    48  dfixul.o(.text)
    __scatterload                            0x08006329   Thumb Code    28  init.o(.text)
    __scatterload_rt2                        0x08006329   Thumb Code     0  init.o(.text)
    _chval                                   0x0800634d   Thumb Code    28  _chval.o(.text)
    _scanf_real                              0x08006491   Thumb Code     0  scanf_fp.o(.text)
    _scanf_really_real                       0x08006491   Thumb Code   556  scanf_fp.o(.text)
    _sgetc                                   0x080066c9   Thumb Code    30  _sgetc.o(.text)
    _sbackspace                              0x080066e7   Thumb Code    34  _sgetc.o(.text)
    __aeabi_ui2d                             0x08006709   Thumb Code    26  dfltui.o(.text)
    __aeabi_ul2d                             0x08006723   Thumb Code    24  dfltul.o(.text)
    __aeabi_d2f                              0x0800673b   Thumb Code    56  d2f.o(.text)
    _float_round                             0x08006773   Thumb Code    18  fepilogue.o(.text)
    _float_epilogue                          0x08006785   Thumb Code    92  fepilogue.o(.text)
    __0printf$8                              0x080067e1   Thumb Code    22  printf8.o(i.__0printf$8)
    __1printf$8                              0x080067e1   Thumb Code     0  printf8.o(i.__0printf$8)
    __2printf                                0x080067e1   Thumb Code     0  printf8.o(i.__0printf$8)
    __0snprintf$8                            0x08006801   Thumb Code    48  printf8.o(i.__0snprintf$8)
    __1snprintf$8                            0x08006801   Thumb Code     0  printf8.o(i.__0snprintf$8)
    __2snprintf                              0x08006801   Thumb Code     0  printf8.o(i.__0snprintf$8)
    __0sprintf$8                             0x08006835   Thumb Code    34  printf8.o(i.__0sprintf$8)
    __1sprintf$8                             0x08006835   Thumb Code     0  printf8.o(i.__0sprintf$8)
    __2sprintf                               0x08006835   Thumb Code     0  printf8.o(i.__0sprintf$8)
    __0vsnprintf                             0x0800685d   Thumb Code    46  printfa.o(i.__0vsnprintf)
    __1vsnprintf                             0x0800685d   Thumb Code     0  printfa.o(i.__0vsnprintf)
    __2vsnprintf                             0x0800685d   Thumb Code     0  printfa.o(i.__0vsnprintf)
    __c89vsnprintf                           0x0800685d   Thumb Code     0  printfa.o(i.__0vsnprintf)
    vsnprintf                                0x0800685d   Thumb Code     0  printfa.o(i.__0vsnprintf)
    __0vsprintf                              0x08006891   Thumb Code    30  printfa.o(i.__0vsprintf)
    __1vsprintf                              0x08006891   Thumb Code     0  printfa.o(i.__0vsprintf)
    __2vsprintf                              0x08006891   Thumb Code     0  printfa.o(i.__0vsprintf)
    __c89vsprintf                            0x08006891   Thumb Code     0  printfa.o(i.__0vsprintf)
    vsprintf                                 0x08006891   Thumb Code     0  printfa.o(i.__0vsprintf)
    __ARM_fpclassify                         0x080068b5   Thumb Code    40  fpclassify.o(i.__ARM_fpclassify)
    __ARM_isnan                              0x080068dd   Thumb Code    30  gmath.o(i.__ARM_isnan)
    __aeabi_errno_addr                       0x08006901   Thumb Code     4  errno.o(i.__aeabi_errno_addr)
    __rt_errno_addr                          0x08006901   Thumb Code     0  errno.o(i.__aeabi_errno_addr)
    __ieee754_rem_pio2                       0x08006909   Thumb Code   828  rred.o(i.__ieee754_rem_pio2)
    __kernel_cos                             0x08006c91   Thumb Code   230  cos_i.o(i.__kernel_cos)
    __kernel_poly                            0x08006d8d   Thumb Code   170  poly.o(i.__kernel_poly)
    __kernel_sin                             0x08006e39   Thumb Code   224  sin_i.o(i.__kernel_sin)
    __kernel_tan                             0x08006f25   Thumb Code   586  tan_i.o(i.__kernel_tan)
    __mathlib_dbl_divzero                    0x080071a1   Thumb Code    12  dunder.o(i.__mathlib_dbl_divzero)
    __mathlib_dbl_infnan                     0x080071b1   Thumb Code     6  dunder.o(i.__mathlib_dbl_infnan)
    __mathlib_dbl_infnan2                    0x080071b7   Thumb Code     4  dunder.o(i.__mathlib_dbl_infnan2)
    __mathlib_dbl_invalid                    0x080071bb   Thumb Code    12  dunder.o(i.__mathlib_dbl_invalid)
    __mathlib_dbl_overflow                   0x080071c7   Thumb Code    14  dunder.o(i.__mathlib_dbl_overflow)
    __mathlib_dbl_underflow                  0x080071d5   Thumb Code    10  dunder.o(i.__mathlib_dbl_underflow)
    __scatterload_copy                       0x080071e5   Thumb Code    14  handlers.o(i.__scatterload_copy)
    __scatterload_null                       0x080071f3   Thumb Code     2  handlers.o(i.__scatterload_null)
    __scatterload_zeroinit                   0x080071f5   Thumb Code    14  handlers.o(i.__scatterload_zeroinit)
    __set_errno                              0x08007205   Thumb Code     6  errno.o(i.__set_errno)
    _is_digit                                0x08007395   Thumb Code    14  scanf_fp.o(i._is_digit)
    acos                                     0x08007f41   Thumb Code   574  acos.o(i.acos)
    asin                                     0x080081bd   Thumb Code   572  asin.o(i.asin)
    atan                                     0x0800842d   Thumb Code   474  atan.o(i.atan)
    atan2                                    0x0800864d   Thumb Code   374  atan2.o(i.atan2)
    cos                                      0x080087e9   Thumb Code   148  cos.o(i.cos)
    free                                     0x08008885   Thumb Code    76  malloc.o(i.free)
    malloc                                   0x080088d5   Thumb Code    92  malloc.o(i.malloc)
    modf                                     0x08008941   Thumb Code   142  modf.o(i.modf)
    pow                                      0x080089d5   Thumb Code  2512  pow.o(i.pow)
    sin                                      0x080093ad   Thumb Code   150  sin.o(i.sin)
    sqrt                                     0x0800944d   Thumb Code    76  sqrt.o(i.sqrt)
    strtod                                   0x08009499   Thumb Code    28  strtod.o(i.strtod)
    tan                                      0x080094b5   Thumb Code    90  tan.o(i.tan)
    __ctype_table                            0x080096d8   Data         129  ctype_o.o(.constdata)
    __mathlib_zero                           0x08009790   Data           8  qnan.o(.constdata)
    Region$$Table$$Base                      0x080099fc   Number         0  anon$$obj.o(Region$$Table)
    Region$$Table$$Limit                     0x08009a1c   Number         0  anon$$obj.o(Region$$Table)
    SystemCoreClock                          0x20000000   Data           4  system_stm32f10x.o(.data)
    AHBPrescTable                            0x20000004   Data          16  system_stm32f10x.o(.data)
    ledCmd                                   0x20000028   Data          16  bsp_esp8266_test.o(.data)
    ucTcpClosedFlag                          0x20000038   Data           1  bsp_esp8266_test.o(.data)
    GPS_TransferEnd                          0x2000003a   Data           1  gps_config.o(.data)
    GPS_HalfTransferEnd                      0x2000003b   Data           1  gps_config.o(.data)
    __stdout                                 0x20000080   Data           4  stdout.o(.data)
    __microlib_freelist                      0x20000084   Data           4  mvars.o(.data)
    __microlib_freelist_initialised          0x20000088   Data           4  mvars.o(.data)
    strEsp8266_Fram_Record                   0x20000090   Data        1026  bsp_esp8266.o(.bss)
    strUSART_Fram_Record                     0x20000492   Data        1026  bsp_esp8266.o(.bss)
    gps_rbuff                                0x20000894   Data         512  gps_config.o(.bss)
    txt_buff                                 0x20000a94   Data         256  parse.o(.bss)
    __heap_base                              0x20000b98   Data           0  startup_stm32f10x_md.o(HEAP)
    __heap_limit                             0x20001b98   Data           0  startup_stm32f10x_md.o(HEAP)
    __initial_sp                             0x20001f98   Data           0  startup_stm32f10x_md.o(STACK)



==============================================================================

Memory Map of the image

  Image Entry point : 0x080000ed

  Load Region LR_IROM1 (Base: 0x08000000, Size: 0x00009aac, Max: 0x00010000, ABSOLUTE)

    Execution Region ER_IROM1 (Exec base: 0x08000000, Load base: 0x08000000, Size: 0x00009a1c, Max: 0x00010000, ABSOLUTE)

    Exec Addr    Load Addr    Size         Type   Attr      Idx    E Section Name        Object

    0x08000000   0x08000000   0x000000ec   Data   RO            3    RESET               startup_stm32f10x_md.o
    0x080000ec   0x080000ec   0x00000000   Code   RO          989  * .ARM.Collect$$$$00000000  mc_w.l(entry.o)
    0x080000ec   0x080000ec   0x00000004   Code   RO         1381    .ARM.Collect$$$$00000001  mc_w.l(entry2.o)
    0x080000f0   0x080000f0   0x00000004   Code   RO         1384    .ARM.Collect$$$$00000004  mc_w.l(entry5.o)
    0x080000f4   0x080000f4   0x00000000   Code   RO         1386    .ARM.Collect$$$$00000008  mc_w.l(entry7b.o)
    0x080000f4   0x080000f4   0x00000000   Code   RO         1388    .ARM.Collect$$$$0000000A  mc_w.l(entry8b.o)
    0x080000f4   0x080000f4   0x00000008   Code   RO         1389    .ARM.Collect$$$$0000000B  mc_w.l(entry9a.o)
    0x080000fc   0x080000fc   0x00000004   Code   RO         1396    .ARM.Collect$$$$0000000E  mc_w.l(entry12b.o)
    0x08000100   0x08000100   0x00000000   Code   RO         1391    .ARM.Collect$$$$0000000F  mc_w.l(entry10a.o)
    0x08000100   0x08000100   0x00000000   Code   RO         1393    .ARM.Collect$$$$00000011  mc_w.l(entry11a.o)
    0x08000100   0x08000100   0x00000004   Code   RO         1382    .ARM.Collect$$$$00002712  mc_w.l(entry2.o)
    0x08000104   0x08000104   0x00000024   Code   RO            4    .text               startup_stm32f10x_md.o
    0x08000128   0x08000128   0x000001e0   Code   RO           24    .text               system_stm32f10x.o
    0x08000308   0x08000308   0x000000dc   Code   RO           70    .text               misc.o
    0x080003e4   0x080003e4   0x00000254   Code   RO          191    .text               stm32f10x_dma.o
    0x08000638   0x08000638   0x0000035c   Code   RO          248    .text               stm32f10x_gpio.o
    0x08000994   0x08000994   0x000003a4   Code   RO          305    .text               stm32f10x_rcc.o
    0x08000d38   0x08000d38   0x00000408   Code   RO          376    .text               stm32f10x_usart.o
    0x08001140   0x08001140   0x000002a4   Code   RO          403    .text               main.o
    0x080013e4   0x080013e4   0x0000013c   Code   RO          497    .text               stm32f10x_it.o
    0x08001520   0x08001520   0x00000180   Code   RO          516    .text               bsp_usart1.o
    0x080016a0   0x080016a0   0x00000168   Code   RO          548    .text               common.o
    0x08001808   0x08001808   0x000008b0   Code   RO          578    .text               bsp_esp8266.o
    0x080020b8   0x080020b8   0x00000380   Code   RO          600    .text               bsp_esp8266_test.o
    0x08002438   0x08002438   0x0000007c   Code   RO          623    .text               core_delay.o
    0x080024b4   0x080024b4   0x000000d8   Code   RO          635    .text               bsp_led.o
    0x0800258c   0x0800258c   0x00000334   Code   RO          648    .text               gps_config.o
    0x080028c0   0x080028c0   0x000000f4   Code   RO          667    .text               context.o
    0x080029b4   0x080029b4   0x000013a6   Code   RO          753    .text               gmath.o
    0x08003d5a   0x08003d5a   0x0000001e   Code   RO          778    .text               info.o
    0x08003d78   0x08003d78   0x00001368   Code   RO          793    .text               parse.o
    0x080050e0   0x080050e0   0x0000063c   Code   RO          820    .text               parser.o
    0x0800571c   0x0800571c   0x00000018   Code   RO          850    .text               time.o
    0x08005734   0x08005734   0x00000308   Code   RO          868    .text               tok.o
    0x08005a3c   0x08005a3c   0x00000008   Code   RO          992    .text               mc_w.l(ctype_o.o)
    0x08005a44   0x08005a44   0x00000012   Code   RO         1014    .text               mc_w.l(isspace_o.o)
    0x08005a56   0x08005a56   0x00000024   Code   RO         1023    .text               mc_w.l(memcpya.o)
    0x08005a7a   0x08005a7a   0x00000024   Code   RO         1025    .text               mc_w.l(memseta.o)
    0x08005a9e   0x08005a9e   0x00000024   Code   RO         1027    .text               mc_w.l(strstr.o)
    0x08005ac2   0x08005ac2   0x0000000e   Code   RO         1029    .text               mc_w.l(strlen.o)
    0x08005ad0   0x08005ad0   0x00000014   Code   RO         1031    .text               mc_w.l(memchr.o)
    0x08005ae4   0x08005ae4   0x0000001a   Code   RO         1033    .text               mc_w.l(memcmp.o)
    0x08005afe   0x08005afe   0x00000070   Code   RO         1326    .text               mc_w.l(strtol.o)
    0x08005b6e   0x08005b6e   0x0000014e   Code   RO         1328    .text               mf_w.l(dadd.o)
    0x08005cbc   0x08005cbc   0x000000e4   Code   RO         1330    .text               mf_w.l(dmul.o)
    0x08005da0   0x08005da0   0x000000de   Code   RO         1332    .text               mf_w.l(ddiv.o)
    0x08005e7e   0x08005e7e   0x00000022   Code   RO         1334    .text               mf_w.l(dflti.o)
    0x08005ea0   0x08005ea0   0x0000003e   Code   RO         1336    .text               mf_w.l(dfixi.o)
    0x08005ede   0x08005ede   0x00000002   PAD
    0x08005ee0   0x08005ee0   0x00000030   Code   RO         1338    .text               mf_w.l(cdcmple.o)
    0x08005f10   0x08005f10   0x00000030   Code   RO         1340    .text               mf_w.l(cdrcmple.o)
    0x08005f40   0x08005f40   0x0000002c   Code   RO         1398    .text               mc_w.l(uidiv.o)
    0x08005f6c   0x08005f6c   0x00000062   Code   RO         1400    .text               mc_w.l(uldiv.o)
    0x08005fce   0x08005fce   0x0000001e   Code   RO         1402    .text               mc_w.l(llshl.o)
    0x08005fec   0x08005fec   0x00000020   Code   RO         1404    .text               mc_w.l(llushr.o)
    0x0800600c   0x0800600c   0x00000024   Code   RO         1406    .text               mc_w.l(llsshr.o)
    0x08006030   0x08006030   0x0000009e   Code   RO         1417    .text               mc_w.l(_strtoul.o)
    0x080060ce   0x080060ce   0x00000002   PAD
    0x080060d0   0x080060d0   0x0000009c   Code   RO         1419    .text               mc_w.l(strtod.o)
    0x0800616c   0x0800616c   0x00000000   Code   RO         1421    .text               mc_w.l(iusefp.o)
    0x0800616c   0x0800616c   0x000000ba   Code   RO         1422    .text               mf_w.l(depilogue.o)
    0x08006226   0x08006226   0x0000002e   Code   RO         1424    .text               mf_w.l(dscalb.o)
    0x08006254   0x08006254   0x000000a2   Code   RO         1426    .text               mf_w.l(dsqrt.o)
    0x080062f6   0x080062f6   0x00000030   Code   RO         1428    .text               mf_w.l(dfixul.o)
    0x08006326   0x08006326   0x00000002   PAD
    0x08006328   0x08006328   0x00000024   Code   RO         1430    .text               mc_w.l(init.o)
    0x0800634c   0x0800634c   0x0000001c   Code   RO         1434    .text               mc_w.l(_chval.o)
    0x08006368   0x08006368   0x00000360   Code   RO         1436    .text               mc_w.l(scanf_fp.o)
    0x080066c8   0x080066c8   0x00000040   Code   RO         1440    .text               mc_w.l(_sgetc.o)
    0x08006708   0x08006708   0x0000001a   Code   RO         1442    .text               mf_w.l(dfltui.o)
    0x08006722   0x08006722   0x00000018   Code   RO         1447    .text               mf_w.l(dfltul.o)
    0x0800673a   0x0800673a   0x00000038   Code   RO         1449    .text               mf_w.l(d2f.o)
    0x08006772   0x08006772   0x0000006e   Code   RO         1451    .text               mf_w.l(fepilogue.o)
    0x080067e0   0x080067e0   0x00000020   Code   RO         1244    i.__0printf$8       mc_w.l(printf8.o)
    0x08006800   0x08006800   0x00000034   Code   RO         1245    i.__0snprintf$8     mc_w.l(printf8.o)
    0x08006834   0x08006834   0x00000028   Code   RO         1246    i.__0sprintf$8      mc_w.l(printf8.o)
    0x0800685c   0x0800685c   0x00000034   Code   RO         1275    i.__0vsnprintf      mc_w.l(printfa.o)
    0x08006890   0x08006890   0x00000024   Code   RO         1276    i.__0vsprintf       mc_w.l(printfa.o)
    0x080068b4   0x080068b4   0x00000028   Code   RO         1359    i.__ARM_fpclassify  m_ws.l(fpclassify.o)
    0x080068dc   0x080068dc   0x00000024   Code   RO          762    i.__ARM_isnan       gmath.o
    0x08006900   0x08006900   0x00000008   Code   RO         1410    i.__aeabi_errno_addr  mc_w.l(errno.o)
    0x08006908   0x08006908   0x00000388   Code   RO         1364    i.__ieee754_rem_pio2  m_ws.l(rred.o)
    0x08006c90   0x08006c90   0x000000fc   Code   RO         1342    i.__kernel_cos      m_ws.l(cos_i.o)
    0x08006d8c   0x08006d8c   0x000000aa   Code   RO         1361    i.__kernel_poly     m_ws.l(poly.o)
    0x08006e36   0x08006e36   0x00000002   PAD
    0x08006e38   0x08006e38   0x000000ec   Code   RO         1369    i.__kernel_sin      m_ws.l(sin_i.o)
    0x08006f24   0x08006f24   0x0000027c   Code   RO         1375    i.__kernel_tan      m_ws.l(tan_i.o)
    0x080071a0   0x080071a0   0x00000010   Code   RO         1345    i.__mathlib_dbl_divzero  m_ws.l(dunder.o)
    0x080071b0   0x080071b0   0x00000006   Code   RO         1346    i.__mathlib_dbl_infnan  m_ws.l(dunder.o)
    0x080071b6   0x080071b6   0x00000004   Code   RO         1347    i.__mathlib_dbl_infnan2  m_ws.l(dunder.o)
    0x080071ba   0x080071ba   0x0000000c   Code   RO         1348    i.__mathlib_dbl_invalid  m_ws.l(dunder.o)
    0x080071c6   0x080071c6   0x0000000e   Code   RO         1349    i.__mathlib_dbl_overflow  m_ws.l(dunder.o)
    0x080071d4   0x080071d4   0x00000010   Code   RO         1351    i.__mathlib_dbl_underflow  m_ws.l(dunder.o)
    0x080071e4   0x080071e4   0x0000000e   Code   RO         1455    i.__scatterload_copy  mc_w.l(handlers.o)
    0x080071f2   0x080071f2   0x00000002   Code   RO         1456    i.__scatterload_null  mc_w.l(handlers.o)
    0x080071f4   0x080071f4   0x0000000e   Code   RO         1457    i.__scatterload_zeroinit  mc_w.l(handlers.o)
    0x08007202   0x08007202   0x00000002   PAD
    0x08007204   0x08007204   0x0000000c   Code   RO         1412    i.__set_errno       mc_w.l(errno.o)
    0x08007210   0x08007210   0x00000184   Code   RO         1277    i._fp_digits        mc_w.l(printfa.o)
    0x08007394   0x08007394   0x0000000e   Code   RO         1438    i._is_digit         mc_w.l(scanf_fp.o)
    0x080073a2   0x080073a2   0x00000002   PAD
    0x080073a4   0x080073a4   0x00000404   Code   RO         1251    i._printf_core      mc_w.l(printf8.o)
    0x080077a8   0x080077a8   0x000006b4   Code   RO         1278    i._printf_core      mc_w.l(printfa.o)
    0x08007e5c   0x08007e5c   0x00000024   Code   RO         1252    i._printf_post_padding  mc_w.l(printf8.o)
    0x08007e80   0x08007e80   0x00000024   Code   RO         1279    i._printf_post_padding  mc_w.l(printfa.o)
    0x08007ea4   0x08007ea4   0x0000002e   Code   RO         1253    i._printf_pre_padding  mc_w.l(printf8.o)
    0x08007ed2   0x08007ed2   0x0000002e   Code   RO         1280    i._printf_pre_padding  mc_w.l(printfa.o)
    0x08007f00   0x08007f00   0x00000016   Code   RO         1254    i._snputc           mc_w.l(printf8.o)
    0x08007f16   0x08007f16   0x00000016   Code   RO         1281    i._snputc           mc_w.l(printfa.o)
    0x08007f2c   0x08007f2c   0x0000000a   Code   RO         1255    i._sputc            mc_w.l(printf8.o)
    0x08007f36   0x08007f36   0x0000000a   Code   RO         1282    i._sputc            mc_w.l(printfa.o)
    0x08007f40   0x08007f40   0x0000027c   Code   RO          898    i.acos              m_ws.l(acos.o)
    0x080081bc   0x080081bc   0x00000270   Code   RO          908    i.asin              m_ws.l(asin.o)
    0x0800842c   0x0800842c   0x00000220   Code   RO          918    i.atan              m_ws.l(atan.o)
    0x0800864c   0x0800864c   0x0000019c   Code   RO          928    i.atan2             m_ws.l(atan2.o)
    0x080087e8   0x080087e8   0x0000009c   Code   RO          940    i.cos               m_ws.l(cos.o)
    0x08008884   0x08008884   0x00000050   Code   RO         1298    i.free              mc_w.l(malloc.o)
    0x080088d4   0x080088d4   0x0000006c   Code   RO         1299    i.malloc            mc_w.l(malloc.o)
    0x08008940   0x08008940   0x00000094   Code   RO          948    i.modf              m_ws.l(modf.o)
    0x080089d4   0x080089d4   0x000009d8   Code   RO          952    i.pow               m_ws.l(pow.o)
    0x080093ac   0x080093ac   0x000000a0   Code   RO          962    i.sin               m_ws.l(sin.o)
    0x0800944c   0x0800944c   0x0000004c   Code   RO          970    i.sqrt              m_ws.l(sqrt.o)
    0x08009498   0x08009498   0x0000001c   Code   RO          978    i.strtod            m_ws.l(strtod.o)
    0x080094b4   0x080094b4   0x00000064   Code   RO          982    i.tan               m_ws.l(tan.o)
    0x08009518   0x08009518   0x00000050   Data   RO          899    .constdata          m_ws.l(acos.o)
    0x08009568   0x08009568   0x00000050   Data   RO          909    .constdata          m_ws.l(asin.o)
    0x080095b8   0x080095b8   0x00000098   Data   RO          919    .constdata          m_ws.l(atan.o)
    0x08009650   0x08009650   0x00000088   Data   RO          953    .constdata          m_ws.l(pow.o)
    0x080096d8   0x080096d8   0x00000081   Data   RO          993    .constdata          mc_w.l(ctype_o.o)
    0x08009759   0x08009759   0x00000003   PAD
    0x0800975c   0x0800975c   0x00000004   Data   RO          994    .constdata          mc_w.l(ctype_o.o)
    0x08009760   0x08009760   0x00000030   Data   RO         1343    .constdata          m_ws.l(cos_i.o)
    0x08009790   0x08009790   0x00000008   Data   RO         1363    .constdata          m_ws.l(qnan.o)
    0x08009798   0x08009798   0x000000c8   Data   RO         1366    .constdata          m_ws.l(rred.o)
    0x08009860   0x08009860   0x00000028   Data   RO         1370    .constdata          m_ws.l(sin_i.o)
    0x08009888   0x08009888   0x00000060   Data   RO         1376    .constdata          m_ws.l(tan_i.o)
    0x080098e8   0x080098e8   0x00000024   Data   RO          601    .conststring        bsp_esp8266_test.o
    0x0800990c   0x0800990c   0x000000ee   Data   RO          795    .conststring        parse.o
    0x080099fa   0x080099fa   0x00000002   PAD
    0x080099fc   0x080099fc   0x00000020   Data   RO         1453    Region$$Table       anon$$obj.o


    Execution Region RW_IRAM1 (Exec base: 0x20000000, Load base: 0x08009a1c, Size: 0x00001f98, Max: 0x00005000, ABSOLUTE)

    Exec Addr    Load Addr    Size         Type   Attr      Idx    E Section Name        Object

    0x20000000   0x08009a1c   0x00000014   Data   RW           25    .data               system_stm32f10x.o
    0x20000014   0x08009a30   0x00000014   Data   RW          306    .data               stm32f10x_rcc.o
    0x20000028   0x08009a44   0x00000011   Data   RW          602    .data               bsp_esp8266_test.o
    0x20000039   0x08009a55   0x00000001   Data   RW          636    .data               bsp_led.o
    0x2000003a   0x08009a56   0x00000002   Data   RW          650    .data               gps_config.o
    0x2000003c   0x08009a58   0x00000010   Data   RW          668    .data               context.o
    0x2000004c   0x08009a68   0x00000034   Data   RW          796    .data               parse.o
    0x20000080   0x08009a9c   0x00000004   Data   RW         1397    .data               mc_w.l(stdout.o)
    0x20000084   0x08009aa0   0x00000004   Data   RW         1408    .data               mc_w.l(mvars.o)
    0x20000088   0x08009aa4   0x00000004   Data   RW         1409    .data               mc_w.l(mvars.o)
    0x2000008c   0x08009aa8   0x00000004   Data   RW         1413    .data               mc_w.l(errno.o)
    0x20000090        -       0x00000804   Zero   RW          579    .bss                bsp_esp8266.o
    0x20000894        -       0x00000200   Zero   RW          649    .bss                gps_config.o
    0x20000a94        -       0x00000100   Zero   RW          794    .bss                parse.o
    0x20000b94   0x08009aac   0x00000004   PAD
    0x20000b98        -       0x00001000   Zero   RW            2    HEAP                startup_stm32f10x_md.o
    0x20001b98        -       0x00000400   Zero   RW            1    STACK               startup_stm32f10x_md.o


==============================================================================

Image component sizes


      Code (inc. data)   RO Data    RW Data    ZI Data      Debug   Object Name

      2224        614          0          0       2052       9234   bsp_esp8266.o
       896        372         36         17          0       2240   bsp_esp8266_test.o
       216          8          0          1          0        792   bsp_led.o
       384          8          0          0          0       3599   bsp_usart1.o
       360          0          0          0          0       2399   common.o
       244          6          0         16          0       2932   context.o
         0          0          0          0          0       4548   core_cm3.o
       124         16          0          0          0        946   core_delay.o
         0          0          0          0          0       3820   generate.o
      5066        226          0          0          0       8839   gmath.o
       820         44          0          2        512       3883   gps_config.o
        30          0          0          0          0       2141   info.o
       676        346          0          0          0       2988   main.o
       220         22          0          0          0       1825   misc.o
      4968       1140        238         52        256      12069   parse.o
      1596         24          0          0          0       5622   parser.o
        36          8        236          0       5120        868   startup_stm32f10x_md.o
       596          8          0          0          0       4390   stm32f10x_dma.o
       860         38          0          0          0       5753   stm32f10x_gpio.o
       316         34          0          0          0       1823   stm32f10x_it.o
       932         36          0         20          0       8940   stm32f10x_rcc.o
      1032         22          0          0          0       8484   stm32f10x_usart.o
       480         38          0         20          0     238419   system_stm32f10x.o
        24          0          0          0          0       1396   time.o
       776          8          0          0          0       2703   tok.o

    ----------------------------------------------------------------------
     22876       3018        544        128       7944     340653   Object Totals
         0          0         32          0          0          0   (incl. Generated)
         0          0          2          0          4          0   (incl. Padding)

    ----------------------------------------------------------------------

      Code (inc. data)   RO Data    RW Data    ZI Data      Debug   Library Member Name

       636         62         80          0          0        188   acos.o
       624         52         80          0          0        168   asin.o
       544         70        152          0          0        124   atan.o
       412         38          0          0          0        144   atan2.o
       156          8          0          0          0        104   cos.o
       252         22         48          0          0        124   cos_i.o
        68         10          0          0          0        408   dunder.o
        40          0          0          0          0         68   fpclassify.o
       148          6          0          0          0        116   modf.o
       170          0          0          0          0         96   poly.o
      2520        190        136          0          0        324   pow.o
         0          0          8          0          0          0   qnan.o
       904         76        200          0          0        140   rred.o
       160         10          0          0          0        108   sin.o
       236         12         40          0          0        128   sin_i.o
        76          0          0          0          0         84   sqrt.o
        28          0          0          0          0         80   strtod.o
       100         10          0          0          0         96   tan.o
       636         50         96          0          0        168   tan_i.o
        28          0          0          0          0         68   _chval.o
        64          0          0          0          0         84   _sgetc.o
       158          0          0          0          0         92   _strtoul.o
         8          4        133          0          0         68   ctype_o.o
         0          0          0          0          0          0   entry.o
         0          0          0          0          0          0   entry10a.o
         0          0          0          0          0          0   entry11a.o
         4          0          0          0          0          0   entry12b.o
         8          4          0          0          0          0   entry2.o
         4          0          0          0          0          0   entry5.o
         0          0          0          0          0          0   entry7b.o
         0          0          0          0          0          0   entry8b.o
         8          4          0          0          0          0   entry9a.o
        20         10          0          4          0        136   errno.o
        30          0          0          0          0          0   handlers.o
        36          8          0          0          0         68   init.o
        18          0          0          0          0         76   isspace_o.o
         0          0          0          0          0          0   iusefp.o
        30          0          0          0          0         68   llshl.o
        36          0          0          0          0         68   llsshr.o
        32          0          0          0          0         68   llushr.o
       188         20          0          0          0        160   malloc.o
        20          0          0          0          0         68   memchr.o
        26          0          0          0          0         80   memcmp.o
        36          0          0          0          0         68   memcpya.o
        36          0          0          0          0        108   memseta.o
         0          0          0          8          0          0   mvars.o
      1266         64          0          0          0        660   printf8.o
      2306         92          0          0          0        676   printfa.o
       878         12          0          0          0        216   scanf_fp.o
         0          0          0          4          0          0   stdout.o
        14          0          0          0          0         68   strlen.o
        36          0          0          0          0         80   strstr.o
       156         12          0          0          0        120   strtod.o
       112          0          0          0          0         88   strtol.o
        44          0          0          0          0         80   uidiv.o
        98          0          0          0          0         92   uldiv.o
        48          0          0          0          0         68   cdcmple.o
        48          0          0          0          0         68   cdrcmple.o
        56          0          0          0          0         88   d2f.o
       334          0          0          0          0        148   dadd.o
       222          0          0          0          0        100   ddiv.o
       186          0          0          0          0        176   depilogue.o
        62          0          0          0          0         80   dfixi.o
        48          0          0          0          0         68   dfixul.o
        34          0          0          0          0         76   dflti.o
        26          0          0          0          0         76   dfltui.o
        24          0          0          0          0         76   dfltul.o
       228          0          0          0          0         96   dmul.o
        46          0          0          0          0         80   dscalb.o
       162          0          0          0          0        100   dsqrt.o
       110          0          0          0          0        168   fepilogue.o

    ----------------------------------------------------------------------
     15056        846        976         16          0       7496   Library Totals
        12          0          3          0          0          0   (incl. Padding)

    ----------------------------------------------------------------------

      Code (inc. data)   RO Data    RW Data    ZI Data      Debug   Library Name

      7710        616        840          0          0       2668   m_ws.l
      5700        230        133         16          0       3360   mc_w.l
      1634          0          0          0          0       1468   mf_w.l

    ----------------------------------------------------------------------
     15056        846        976         16          0       7496   Library Totals

    ----------------------------------------------------------------------

==============================================================================


      Code (inc. data)   RO Data    RW Data    ZI Data      Debug   

     37932       3864       1520        144       7944     342529   Grand Totals
     37932       3864       1520        144       7944     342529   ELF Image Totals
     37932       3864       1520        144          0          0   ROM Totals

==============================================================================

    Total RO  Size (Code + RO Data)                39452 (  38.53kB)
    Total RW  Size (RW Data + ZI Data)              8088 (   7.90kB)
    Total ROM Size (Code + RO Data + RW Data)      39596 (  38.67kB)

==============================================================================

