e:\software\compiler\st\stm32cubeide\software\stm32cubeide_1.9.0\stm32cubeide\plugins\com.st.stm32cube.ide.mcu.externaltools.gnu-tools-for-stm32.10.3-2021.10.win32_1.0.0.202111181127\tools\bin\../lib/gcc/arm-none-eabi/10.3.1/../../../../arm-none-eabi/include/c++/10.3.1/arm-none-eabi/thumb/v7e-m+fp/hard/bits/gthr-default.h:229:1:int __gthread_key_delete(__gthread_key_t)	16	static
E:/Study/stm32/f429/repository/wifi/wifi-gps-imu-3/ESP8266/Bsp/usart/usart.hpp:23:13:Usart::~Usart()	16	static
E:/Study/stm32/f429/repository/wifi/wifi-gps-imu-3/ESP8266/Bsp/usart/usart.hpp:23:13:virtual Usart::~Usart()	16	static
E:/Study/stm32/f429/repository/wifi/wifi-gps-imu-3/ESP8266/Bsp/usart/debug_usart/debug_usart.hpp:21:5:DebugUsart::~DebugUsart()	16	static
E:/Study/stm32/f429/repository/wifi/wifi-gps-imu-3/ESP8266/Bsp/usart/debug_usart/debug_usart.hpp:21:5:virtual DebugUsart::~DebugUsart()	16	static
E:/Study/stm32/f429/repository/wifi/wifi-gps-imu-3/ESP8266/Bsp/usart/debug_usart/debug_usart.hpp:23:7:virtual void DebugUsart::deinit()	16	static
../Bsp/usart/debug_usart/debug_usart.cpp:3:6:virtual void DebugUsart::init()	16	static
