e:\software\compiler\st\stm32cubeide\software\stm32cubeide_1.9.0\stm32cubeide\plugins\com.st.stm32cube.ide.mcu.externaltools.gnu-tools-for-stm32.10.3-2021.10.win32_1.0.0.202111181127\tools\bin\../lib/gcc/arm-none-eabi/10.3.1/../../../../arm-none-eabi/include/c++/10.3.1/arm-none-eabi/thumb/v7e-m+fp/hard/bits/gthr-default.h:229:1:int __gthread_key_delete(__gthread_key_t)	16	static
E:/Study/stm32/f429/repository/wifi/wifi-gps-imu-3/ESP8266/Bsp/usart/usart.hpp:19:5:Usart::Usart(UART_HandleTypeDef*)	16	static
E:/Study/stm32/f429/repository/wifi/wifi-gps-imu-3/ESP8266/Bsp/usart/usart.hpp:23:13:Usart::~Usart()	16	static
E:/Study/stm32/f429/repository/wifi/wifi-gps-imu-3/ESP8266/Bsp/usart/usart.hpp:23:13:virtual Usart::~Usart()	16	static
E:/Study/stm32/f429/repository/wifi/wifi-gps-imu-3/ESP8266/Bsp/usart/debug_usart/debug_usart.hpp:20:5:DebugUsart::DebugUsart(UART_HandleTypeDef*)	16	static
E:/Study/stm32/f429/repository/wifi/wifi-gps-imu-3/ESP8266/Bsp/usart/debug_usart/debug_usart.hpp:21:5:DebugUsart::~DebugUsart()	16	static
E:/Study/stm32/f429/repository/wifi/wifi-gps-imu-3/ESP8266/Bsp/usart/debug_usart/debug_usart.hpp:21:5:virtual DebugUsart::~DebugUsart()	16	static
E:/Study/stm32/f429/repository/wifi/wifi-gps-imu-3/ESP8266/Bsp/usart/wifi/wifi_usart.hpp:131:5:WifiUsart::WifiUsart(UART_HandleTypeDef*)	16	static
E:/Study/stm32/f429/repository/wifi/wifi-gps-imu-3/ESP8266/Bsp/usart/wifi/wifi_usart.hpp:136:5:WifiUsart::~WifiUsart()	16	static
E:/Study/stm32/f429/repository/wifi/wifi-gps-imu-3/ESP8266/Bsp/usart/wifi/wifi_usart.hpp:136:5:virtual WifiUsart::~WifiUsart()	16	static
E:/Study/stm32/f429/repository/wifi/wifi-gps-imu-3/ESP8266/Bsp/usart/bds/bds_usart.h:40:5:BDS_Usart::BDS_Usart(UART_HandleTypeDef*)	16	static
E:/Study/stm32/f429/repository/wifi/wifi-gps-imu-3/ESP8266/Bsp/usart/bds/bds_usart.h:41:5:BDS_Usart::~BDS_Usart()	16	static
E:/Study/stm32/f429/repository/wifi/wifi-gps-imu-3/ESP8266/Bsp/usart/bds/bds_usart.h:41:5:virtual BDS_Usart::~BDS_Usart()	16	static
../UserApp/main.cpp:34:6:void HAL_GPIO_EXTI_Callback(uint16_t)	16	static
../UserApp/main.cpp:49:6:void thread_imu(const void*)	88	static
../UserApp/main.cpp:86:6:void thread_bds(const void*)	48	static
../UserApp/main.cpp:115:6:void thread_control(const void*)	56	static
../UserApp/main.cpp:155:6:void Main()	112	static
../UserApp/main.cpp:176:1:void __static_initialization_and_destruction_0(int, int)	16	static
../UserApp/main.cpp:176:1:cpp)	8	static
../UserApp/main.cpp:176:1:cpp)	8	static
